packages/editor/src/actions/components/shortcuts-dialog.tsx 42ms
packages/editor/src/actions/definitions.ts 7ms
packages/editor/src/actions/index.ts 1ms (unchanged)
packages/editor/src/actions/keybinding.ts 3ms
packages/editor/src/actions/keybindings-store.ts 10ms
packages/editor/src/actions/registry.ts 2ms
packages/editor/src/actions/types.ts 2ms
packages/editor/src/actions/use-action-handler.ts 2ms
packages/editor/src/actions/use-editor-actions.ts 10ms
packages/editor/src/actions/use-keybindings.ts 3ms
packages/editor/src/actions/use-keyboard-shortcuts-help.ts 2ms
packages/editor/src/animation/__tests__/animated-params.test.ts 4ms
packages/editor/src/animation/bezier.ts 2ms
packages/editor/src/animation/channel-data.ts 2ms
packages/editor/src/animation/curve-bridge.ts 2ms
packages/editor/src/animation/graph-channels.ts 2ms
packages/editor/src/animation/index.ts 1ms
packages/editor/src/animation/interpolation.ts 7ms
packages/editor/src/animation/keyframe-query.ts 4ms
packages/editor/src/animation/keyframes.ts 22ms
packages/editor/src/animation/path.ts 1ms
packages/editor/src/animation/property-groups.ts 1ms
packages/editor/src/animation/resolve.ts 2ms
packages/editor/src/animation/transform.ts 0ms (unchanged)
packages/editor/src/animation/types.ts 2ms
packages/editor/src/animation/values.ts 1ms
packages/editor/src/api/adapters.ts 1ms
packages/editor/src/background/blur.ts 0ms
packages/editor/src/background/color.ts 0ms (unchanged)
packages/editor/src/browser/preferences.ts 1ms
packages/editor/src/browser/repositories.ts 2ms
packages/editor/src/canvas/sizes.ts 1ms
packages/editor/src/clipboard/handlers/elements.ts 1ms
packages/editor/src/clipboard/handlers/index.ts 1ms
packages/editor/src/clipboard/handlers/keyframes.ts 3ms
packages/editor/src/clipboard/index.ts 0ms (unchanged)
packages/editor/src/clipboard/types.ts 1ms
packages/editor/src/commands/base-command.ts 1ms
packages/editor/src/commands/batch-command.ts 1ms
packages/editor/src/commands/index.ts 0ms (unchanged)
packages/editor/src/commands/media/add-media-asset.ts 3ms
packages/editor/src/commands/media/index.ts 0ms (unchanged)
packages/editor/src/commands/media/remove-media-asset.ts 2ms
packages/editor/src/commands/preview-tracker.ts 1ms
packages/editor/src/commands/project/index.ts 0ms (unchanged)
packages/editor/src/commands/project/update-project-settings.ts 1ms
packages/editor/src/commands/scene/create-scene.ts 1ms
packages/editor/src/commands/scene/delete-scene.ts 1ms
packages/editor/src/commands/scene/index.ts 0ms (unchanged)
packages/editor/src/commands/scene/move-bookmark.ts 1ms
packages/editor/src/commands/scene/remove-bookmark.ts 1ms
packages/editor/src/commands/scene/rename-scene.ts 1ms
packages/editor/src/commands/scene/toggle-bookmark.ts 1ms
packages/editor/src/commands/scene/update-bookmark.ts 1ms
packages/editor/src/commands/timeline/clipboard/index.ts 0ms (unchanged)
packages/editor/src/commands/timeline/clipboard/paste-keyframes.ts 2ms
packages/editor/src/commands/timeline/clipboard/paste.ts 3ms
packages/editor/src/commands/timeline/element/delete-elements.ts 2ms
packages/editor/src/commands/timeline/element/duplicate-elements.ts 2ms
packages/editor/src/commands/timeline/element/index.ts 0ms (unchanged)
packages/editor/src/commands/timeline/element/insert-element.ts 3ms
packages/editor/src/commands/timeline/element/keyframes/index.ts 0ms (unchanged)
packages/editor/src/commands/timeline/element/keyframes/remove-keyframe.ts 2ms
packages/editor/src/commands/timeline/element/keyframes/retime-keyframe.ts 1ms
packages/editor/src/commands/timeline/element/keyframes/update-scalar-keyframe-curve.ts 1ms
packages/editor/src/commands/timeline/element/keyframes/upsert-keyframe.ts 1ms
packages/editor/src/commands/timeline/element/masks/delete-custom-mask-points.ts 2ms
packages/editor/src/commands/timeline/element/masks/index.ts 0ms (unchanged)
packages/editor/src/commands/timeline/element/masks/insert-custom-mask-point.ts 2ms
packages/editor/src/commands/timeline/element/masks/remove-mask.ts 1ms
packages/editor/src/commands/timeline/element/masks/toggle-mask-inverted.ts 1ms
packages/editor/src/commands/timeline/element/move-elements.ts 3ms
packages/editor/src/commands/timeline/element/split-elements.ts 3ms
packages/editor/src/commands/timeline/element/toggle-source-audio-separation.ts 2ms
packages/editor/src/commands/timeline/element/update-elements.ts 1ms
packages/editor/src/commands/timeline/index.ts 0ms (unchanged)
packages/editor/src/commands/timeline/track/add-track.ts 2ms
packages/editor/src/commands/timeline/track/index.ts 0ms (unchanged)
packages/editor/src/commands/timeline/track/remove-track.ts 1ms
packages/editor/src/commands/timeline/track/toggle-track-mute.ts 1ms
packages/editor/src/commands/timeline/track/toggle-track-visibility.ts 1ms
packages/editor/src/commands/timeline/tracks-snapshot.ts 1ms
packages/editor/src/components/editable-timecode.tsx 2ms
packages/editor/src/components/editor/editor-header.tsx 4ms
packages/editor/src/components/editor/export-button.tsx 6ms
packages/editor/src/components/editor/panels/assets/assets-panel-store.tsx 2ms
packages/editor/src/components/editor/panels/assets/drag-overlay.tsx 1ms
packages/editor/src/components/editor/panels/assets/draggable-item.tsx 3ms
packages/editor/src/components/editor/panels/assets/index.tsx 1ms
packages/editor/src/components/editor/panels/assets/tabbar.tsx 2ms
packages/editor/src/components/editor/panels/assets/views/assets.tsx 9ms
packages/editor/src/components/editor/panels/assets/views/base-panel.tsx 1ms
packages/editor/src/components/editor/panels/assets/views/settings/background.tsx 4ms
packages/editor/src/components/editor/panels/assets/views/settings/index.tsx 5ms
packages/editor/src/components/editor/panels/properties/components/element-params-tab.tsx 2ms
packages/editor/src/components/editor/panels/properties/components/keyframe-toggle.tsx 2ms
packages/editor/src/components/editor/panels/properties/components/property-param-field.tsx 3ms
packages/editor/src/components/editor/panels/properties/empty-view.tsx 1ms
packages/editor/src/components/editor/panels/properties/hooks/use-element-playhead.ts 1ms
packages/editor/src/components/editor/panels/properties/hooks/use-keyframed-param-property.ts 2ms
packages/editor/src/components/editor/panels/properties/hooks/use-property-draft.ts 1ms
packages/editor/src/components/editor/panels/properties/index.tsx 2ms
packages/editor/src/components/editor/panels/properties/registry.tsx 3ms
packages/editor/src/components/editor/panels/properties/stores/properties-store.ts 1ms
packages/editor/src/components/editor/scenes-view.tsx 3ms
packages/editor/src/components/icons/brand.tsx 1ms
packages/editor/src/components/icons/index.tsx 0ms (unchanged)
packages/editor/src/components/icons/types.ts 0ms
packages/editor/src/components/icons/ui.tsx 4ms
packages/editor/src/components/providers/editor-provider.tsx 1ms
packages/editor/src/components/section.tsx 3ms
packages/editor/src/components/theme-toggle.tsx 1ms
packages/editor/src/components/ui/alert.tsx 1ms
packages/editor/src/components/ui/aspect-ratio.tsx 0ms
packages/editor/src/components/ui/button.tsx 1ms
packages/editor/src/components/ui/checkbox.tsx 1ms
packages/editor/src/components/ui/color-picker.tsx 10ms
packages/editor/src/components/ui/context-menu.tsx 5ms
packages/editor/src/components/ui/dialog.tsx 3ms
packages/editor/src/components/ui/dropdown-menu.tsx 5ms
packages/editor/src/components/ui/font-picker.tsx 4ms
packages/editor/src/components/ui/input.tsx 2ms
packages/editor/src/components/ui/label.tsx 1ms
packages/editor/src/components/ui/media-image.tsx 1ms
packages/editor/src/components/ui/number-field.tsx 6ms
packages/editor/src/components/ui/popover.tsx 3ms
packages/editor/src/components/ui/progress.tsx 1ms
packages/editor/src/components/ui/radio-group.tsx 1ms
packages/editor/src/components/ui/render-props.tsx 1ms
packages/editor/src/components/ui/resizable.tsx 1ms
packages/editor/src/components/ui/scroll-area.tsx 0ms
packages/editor/src/components/ui/select.tsx 4ms
packages/editor/src/components/ui/separator.tsx 1ms
packages/editor/src/components/ui/sheet.tsx 3ms
packages/editor/src/components/ui/slider.tsx 1ms
packages/editor/src/components/ui/spinner.tsx 0ms
packages/editor/src/components/ui/split-button.tsx 1ms
packages/editor/src/components/ui/switch.tsx 1ms
packages/editor/src/components/ui/tabs.tsx 2ms
packages/editor/src/components/ui/textarea.tsx 1ms
packages/editor/src/components/ui/tooltip.tsx 1ms
packages/editor/src/components/ui/use-overlay-open-change.ts 1ms
packages/editor/src/core/index.ts 6ms
packages/editor/src/core/managers/audio-manager.ts 11ms
packages/editor/src/core/managers/clipboard-manager.ts 2ms
packages/editor/src/core/managers/commands.ts 3ms
packages/editor/src/core/managers/diagnostics-manager.ts 1ms
packages/editor/src/core/managers/media-manager.ts 3ms
packages/editor/src/core/managers/playback-manager.ts 4ms
packages/editor/src/core/managers/project-manager.ts 9ms
packages/editor/src/core/managers/renderer-manager.ts 4ms
packages/editor/src/core/managers/save-manager.ts 2ms
packages/editor/src/core/managers/scenes-manager.ts 5ms
packages/editor/src/core/managers/selection-manager.ts 3ms
packages/editor/src/core/managers/timeline-manager.ts 9ms
packages/editor/src/core/notifications.ts 1ms
packages/editor/src/core/notify.ts 1ms
packages/editor/src/core/transcription.ts 1ms
packages/editor/src/data/colors/pattern-craft.ts 1ms
packages/editor/src/data/colors/solid.ts 1ms
packages/editor/src/data/colors/syntax-ui.tsx 0ms
packages/editor/src/diagnostics/render-perf.ts 3ms
packages/editor/src/diagnostics/types.ts 0ms
packages/editor/src/editor/cancel-interaction.ts 1ms
packages/editor/src/editor/editor-store.ts 1ms
packages/editor/src/editor/panel-store.ts 1ms
packages/editor/src/editor/use-editor.ts 1ms
packages/editor/src/editor/use-menu-preview.ts 0ms
packages/editor/src/export/defaults.ts 0ms
packages/editor/src/export/index.ts 1ms
packages/editor/src/export/mime-types.ts 0ms
packages/editor/src/fonts/local-fonts.ts 0ms
packages/editor/src/fonts/service.ts 2ms
packages/editor/src/fonts/system-fonts.ts 0ms
packages/editor/src/fonts/types.ts 0ms
packages/editor/src/fonts/use-font-catalog.ts 1ms
packages/editor/src/fps/__tests__/fps.test.ts 1ms
packages/editor/src/fps/defaults.ts 0ms (unchanged)
packages/editor/src/fps/presets.ts 0ms
packages/editor/src/fps/utils.ts 2ms
packages/editor/src/gradients/canvas.ts 14ms
packages/editor/src/gradients/index.ts 0ms (unchanged)
packages/editor/src/gradients/parser.ts 8ms
packages/editor/src/guides/definitions/custom.tsx 1ms
packages/editor/src/guides/definitions/grid.tsx 2ms
packages/editor/src/guides/definitions/platforms.tsx 1ms
packages/editor/src/guides/definitions/tiktok-layout.tsx 3ms
packages/editor/src/guides/grid.ts 1ms (unchanged)
packages/editor/src/guides/index.ts 1ms
packages/editor/src/guides/preview-overlay.tsx 1ms
packages/editor/src/guides/registry.tsx 1ms
packages/editor/src/guides/types.ts 0ms
packages/editor/src/hooks/use-committed-ref.ts 0ms
packages/editor/src/hooks/use-container-size.ts 1ms
packages/editor/src/hooks/use-focus-lock.ts 1ms
packages/editor/src/hooks/use-fullscreen.ts 1ms
packages/editor/src/hooks/use-infinite-scroll.ts 1ms
packages/editor/src/hooks/use-mobile.ts 1ms
packages/editor/src/hooks/use-raf-loop.ts 1ms
packages/editor/src/hooks/use-resize-observer.ts 1ms
packages/editor/src/hooks/use-shift-key.ts 1ms
packages/editor/src/index.tsx 2ms
packages/editor/src/masks/__tests__/snap.test.ts 7ms
packages/editor/src/masks/builtin/box-like.ts 4ms
packages/editor/src/masks/builtin/definitions/cinematic-bars.ts 2ms
packages/editor/src/masks/builtin/definitions/diamond.ts 2ms
packages/editor/src/masks/builtin/definitions/ellipse.ts 1ms
packages/editor/src/masks/builtin/definitions/heart.ts 2ms
packages/editor/src/masks/builtin/definitions/index.ts 1ms
packages/editor/src/masks/builtin/definitions/rectangle.ts 2ms
packages/editor/src/masks/builtin/definitions/split.ts 5ms
packages/editor/src/masks/builtin/definitions/star.ts 3ms
packages/editor/src/masks/builtin/definitions/text.ts 5ms
packages/editor/src/masks/components/masks-tab.tsx 10ms
packages/editor/src/masks/dimensions.ts 0ms (unchanged)
packages/editor/src/masks/feather.ts 0ms (unchanged)
packages/editor/src/masks/freeform/definition.ts 6ms
packages/editor/src/masks/freeform/path.ts 10ms
packages/editor/src/masks/geometry.ts 2ms
packages/editor/src/masks/handle-positions.ts 5ms
packages/editor/src/masks/index.ts 1ms
packages/editor/src/masks/param-update.ts 1ms
packages/editor/src/masks/registry.ts 1ms
packages/editor/src/masks/snap.ts 4ms
packages/editor/src/masks/types.ts 4ms
packages/editor/src/masks/use-mask-handles.ts 7ms
packages/editor/src/masks/utils.ts 1ms
packages/editor/src/media/audio-mastering.ts 1ms
packages/editor/src/media/audio.ts 9ms
packages/editor/src/media/media-utils.ts 1ms
packages/editor/src/media/mediabunny.ts 3ms
packages/editor/src/media/processing.ts 3ms
packages/editor/src/media/thumbnail.ts 1ms
packages/editor/src/media/types.ts 0ms
packages/editor/src/media/upload-toast.ts 1ms
packages/editor/src/media/use-file-upload.ts 1ms
packages/editor/src/media/use-paste-media.ts 2ms
packages/editor/src/media/waveform-summary.ts 3ms
packages/editor/src/panels/layout.ts 0ms
packages/editor/src/params/__tests__/channel-layout.test.ts 0ms
packages/editor/src/params/index.ts 4ms
packages/editor/src/params/registry.ts 4ms
packages/editor/src/preview/components/context-menu.tsx 1ms
packages/editor/src/preview/components/cursors.ts 0ms
packages/editor/src/preview/components/guide-popover.tsx 1ms
packages/editor/src/preview/components/handle-primitives.tsx 4ms
packages/editor/src/preview/components/index.tsx 4ms
packages/editor/src/preview/components/mask-handles.tsx 3ms
packages/editor/src/preview/components/overlay-layer.tsx 2ms
packages/editor/src/preview/components/preview-interaction-overlay.tsx 1ms
packages/editor/src/preview/components/preview-viewport.tsx 5ms
packages/editor/src/preview/components/snap-guides.tsx 1ms
packages/editor/src/preview/components/text-edit-overlay.tsx 2ms
packages/editor/src/preview/components/toolbar.tsx 2ms
packages/editor/src/preview/components/transform-handles.tsx 2ms
packages/editor/src/preview/controllers/preview-interaction-controller.ts 6ms
packages/editor/src/preview/controllers/transform-handle-controller.ts 8ms
packages/editor/src/preview/element-bounds.ts 4ms
packages/editor/src/preview/hit-test.ts 2ms
packages/editor/src/preview/hooks/use-preview-interaction.ts 1ms
packages/editor/src/preview/hooks/use-transform-handles.ts 1ms
packages/editor/src/preview/overlays.ts 1ms
packages/editor/src/preview/preview-coords.ts 1ms
packages/editor/src/preview/preview-snap.ts 6ms
packages/editor/src/preview/preview-store.ts 1ms
packages/editor/src/preview/zoom.ts 0ms
packages/editor/src/project/components/delete-project-dialog.tsx 1ms
packages/editor/src/project/components/project-info-dialog.tsx 2ms
packages/editor/src/project/components/rename-project-dialog.tsx 1ms
packages/editor/src/project/types.ts 1ms
packages/editor/src/react/editor-layout.tsx 2ms
packages/editor/src/react/notifications.tsx 1ms
packages/editor/src/react/style.css 15ms
packages/editor/src/react/ui-context.tsx 1ms
packages/editor/src/react/video-editor.tsx 2ms
packages/editor/src/rendering/animation-values.ts 1ms
packages/editor/src/rendering/index.ts 1ms
packages/editor/src/retime/__tests__/resolve.test.ts 1ms
packages/editor/src/retime/__tests__/split.test.ts 1ms
packages/editor/src/retime/audio-stretch.ts 2ms
packages/editor/src/retime/index.ts 0ms (unchanged)
packages/editor/src/retime/presets.ts 0ms
packages/editor/src/retime/rate.ts 1ms
packages/editor/src/retime/resolve.ts 1ms
packages/editor/src/retime/split.ts 1ms
packages/editor/src/ripple/apply.ts 1ms
packages/editor/src/ripple/diff.ts 3ms
packages/editor/src/ripple/index.ts 0ms (unchanged)
packages/editor/src/ripple/shift.ts 0ms
packages/editor/src/selection/attributes.ts 0ms (unchanged)
packages/editor/src/selection/context.tsx 1ms
packages/editor/src/selection/editor-selection.ts 0ms
packages/editor/src/selection/hit-testing.ts 1ms
packages/editor/src/selection/hooks/use-box-select.ts 2ms
packages/editor/src/selection/hooks/use-selection-scope.ts 1ms
packages/editor/src/selection/index.ts 0ms (unchanged)
packages/editor/src/selection/scope.ts 1ms
packages/editor/src/selection/selectable-item.tsx 2ms
packages/editor/src/selection/selectable-surface.tsx 3ms
packages/editor/src/selection/selection-box.tsx 1ms
packages/editor/src/selection/state.ts 2ms
packages/editor/src/selection/types.ts 1ms
packages/editor/src/services/renderer/blur/gaussian.ts 1ms
packages/editor/src/services/renderer/blur/preview.ts 1ms
packages/editor/src/services/renderer/blur/types.ts 0ms
packages/editor/src/services/renderer/canvas-renderer.ts 2ms
packages/editor/src/services/renderer/canvas-utils.ts 0ms
packages/editor/src/services/renderer/compositor/frame-descriptor.ts 6ms
packages/editor/src/services/renderer/compositor/types.ts 1ms
packages/editor/src/services/renderer/compositor/wasm-compositor.ts 3ms
packages/editor/src/services/renderer/gpu-renderer.ts 1ms
packages/editor/src/services/renderer/mask-feather.ts 0ms
packages/editor/src/services/renderer/nodes/base-node.ts 1ms
packages/editor/src/services/renderer/nodes/blur-background-node.ts 1ms
packages/editor/src/services/renderer/nodes/color-node.ts 0ms
packages/editor/src/services/renderer/nodes/image-node.ts 1ms
packages/editor/src/services/renderer/nodes/root-node.ts 0ms
packages/editor/src/services/renderer/nodes/text-node.ts 1ms
packages/editor/src/services/renderer/nodes/video-node.ts 0ms
packages/editor/src/services/renderer/nodes/visual-node.ts 0ms
packages/editor/src/services/renderer/resolve.ts 3ms
packages/editor/src/services/renderer/scene-builder.ts 3ms
packages/editor/src/services/renderer/scene-exporter.ts 2ms
packages/editor/src/services/storage/components/storage-persistence-dialog.tsx 1ms
packages/editor/src/services/storage/indexeddb-adapter.ts 2ms
packages/editor/src/services/storage/opfs-adapter.ts 1ms
packages/editor/src/services/storage/quota.ts 2ms
packages/editor/src/services/storage/service.ts 3ms
packages/editor/src/services/storage/types.ts 1ms
packages/editor/src/services/storage/use-local-storage.ts 1ms
packages/editor/src/services/storage/use-storage-persistence.ts 1ms
packages/editor/src/services/video-cache/service.ts 4ms
packages/editor/src/services/waveform-cache/service.ts 1ms
packages/editor/src/speed/components/speed-tab.tsx 2ms
packages/editor/src/subtitles/ass.ts 6ms
packages/editor/src/subtitles/build-subtitle-text-element.ts 4ms
packages/editor/src/subtitles/components/assets-view.tsx 4ms
packages/editor/src/subtitles/insert.ts 1ms
packages/editor/src/subtitles/parse.ts 1ms
packages/editor/src/subtitles/srt.ts 1ms
packages/editor/src/subtitles/types.ts 1ms
packages/editor/src/text/background.ts 0ms
packages/editor/src/text/components/assets-view.tsx 1ms
packages/editor/src/text/layout.ts 2ms
packages/editor/src/text/measure-element.ts 3ms
packages/editor/src/text/primitives.ts 3ms
packages/editor/src/text/typography.ts 0ms (unchanged)
packages/editor/src/timeline/__tests__/update-pipeline.test.ts 1ms
packages/editor/src/timeline/animation-snap-points.ts 1ms
packages/editor/src/timeline/animation-targets.ts 1ms
packages/editor/src/timeline/audio-constants.ts 0ms (unchanged)
packages/editor/src/timeline/audio-display.ts 1ms
packages/editor/src/timeline/audio-separation/index.ts 1ms
packages/editor/src/timeline/audio-state.ts 2ms
packages/editor/src/timeline/bookmarks/components/bookmarks.tsx 4ms
packages/editor/src/timeline/bookmarks/hooks/use-bookmark-drag.ts 3ms
packages/editor/src/timeline/bookmarks/index.ts 0ms
packages/editor/src/timeline/bookmarks/preview-overlay-source.tsx 1ms
packages/editor/src/timeline/bookmarks/snap-source.ts 0ms
packages/editor/src/timeline/bookmarks/utils.ts 2ms
packages/editor/src/timeline/components/audio-volume-line.tsx 3ms
packages/editor/src/timeline/components/audio-waveform.tsx 4ms
packages/editor/src/timeline/components/drag-line.tsx 1ms
packages/editor/src/timeline/components/drop-target.ts 2ms
packages/editor/src/timeline/components/expanded-layout.ts 1ms
packages/editor/src/timeline/components/graph-editor/bezier-graph.tsx 3ms
packages/editor/src/timeline/components/graph-editor/custom-presets-store.ts 2ms
packages/editor/src/timeline/components/graph-editor/easing-presets.ts 1ms
packages/editor/src/timeline/components/graph-editor/popover.tsx 4ms
packages/editor/src/timeline/components/graph-editor/session.ts 6ms
packages/editor/src/timeline/components/graph-editor/use-controller.ts 2ms
packages/editor/src/timeline/components/index.tsx 10ms
packages/editor/src/timeline/components/interaction.ts 0ms (unchanged)
packages/editor/src/timeline/components/layers.ts 0ms
packages/editor/src/timeline/components/layout.ts 0ms
packages/editor/src/timeline/components/selection-hit-testing.ts 1ms
packages/editor/src/timeline/components/snap-indicator.tsx 1ms
packages/editor/src/timeline/components/theme.ts 0ms
packages/editor/src/timeline/components/timeline-element.tsx 10ms
packages/editor/src/timeline/components/timeline-playhead.tsx 2ms
packages/editor/src/timeline/components/timeline-ruler.tsx 1ms
packages/editor/src/timeline/components/timeline-tick.tsx 0ms
packages/editor/src/timeline/components/timeline-toolbar.tsx 4ms
packages/editor/src/timeline/components/timeline-track.tsx 1ms
packages/editor/src/timeline/components/track-layout.ts 1ms
packages/editor/src/timeline/controllers/drag-drop-controller.ts 6ms
packages/editor/src/timeline/controllers/element-interaction-controller.ts 7ms
packages/editor/src/timeline/controllers/keyframe-drag-controller.ts 4ms
packages/editor/src/timeline/controllers/playhead-controller.ts 4ms
packages/editor/src/timeline/controllers/resize-controller.ts 7ms
packages/editor/src/timeline/controllers/seek-controller.ts 3ms
packages/editor/src/timeline/controllers/zoom-controller.ts 3ms
packages/editor/src/timeline/creation.ts 0ms
packages/editor/src/timeline/defaults.ts 1ms
packages/editor/src/timeline/drag-source.ts 1ms
packages/editor/src/timeline/drag-utils.ts 0ms
packages/editor/src/timeline/drag.ts 0ms
packages/editor/src/timeline/element-snap-source.ts 1ms
packages/editor/src/timeline/element-utils.ts 3ms
packages/editor/src/timeline/group-move/build-group.ts 1ms
packages/editor/src/timeline/group-move/index.ts 0ms
packages/editor/src/timeline/group-move/resolve-move.ts 5ms
packages/editor/src/timeline/group-move/snap.ts 1ms
packages/editor/src/timeline/group-move/track-placement.ts 1ms
packages/editor/src/timeline/group-move/types.ts 0ms
packages/editor/src/timeline/group-resize/compute-resize.ts 3ms
packages/editor/src/timeline/group-resize/index.ts 0ms
packages/editor/src/timeline/group-resize/types.ts 0ms
packages/editor/src/timeline/hooks/element/use-element-interaction.ts 1ms
packages/editor/src/timeline/hooks/element/use-element-selection.ts 2ms
packages/editor/src/timeline/hooks/element/use-keyframe-box-select.ts 2ms
packages/editor/src/timeline/hooks/element/use-keyframe-drag.ts 1ms
packages/editor/src/timeline/hooks/element/use-keyframe-selection.ts 2ms
packages/editor/src/timeline/hooks/use-edge-auto-scroll.ts 1ms
packages/editor/src/timeline/hooks/use-element-preview.ts 1ms
packages/editor/src/timeline/hooks/use-initial-scroll-bottom.ts 1ms
packages/editor/src/timeline/hooks/use-scroll-position.ts 1ms
packages/editor/src/timeline/hooks/use-scroll-sync.ts 2ms
packages/editor/src/timeline/hooks/use-snap-indicator-position.ts 1ms
packages/editor/src/timeline/hooks/use-timeline-drag-drop.ts 1ms
packages/editor/src/timeline/hooks/use-timeline-playhead.ts 1ms
packages/editor/src/timeline/hooks/use-timeline-resize.ts 1ms
packages/editor/src/timeline/hooks/use-timeline-seek.ts 1ms
packages/editor/src/timeline/hooks/use-timeline-zoom.ts 1ms
packages/editor/src/timeline/index.ts 1ms
packages/editor/src/timeline/pixel-utils.ts 1ms
packages/editor/src/timeline/placement/__tests__/resolve.test.ts 6ms
packages/editor/src/timeline/placement/apply.ts 2ms
packages/editor/src/timeline/placement/compatibility.ts 1ms
packages/editor/src/timeline/placement/index.ts 0ms
packages/editor/src/timeline/placement/insert-index.ts 1ms
packages/editor/src/timeline/placement/main-track.ts 1ms
packages/editor/src/timeline/placement/overlap.ts 1ms
packages/editor/src/timeline/placement/resolve.ts 2ms
packages/editor/src/timeline/placement/track-factory.ts 1ms
packages/editor/src/timeline/placement/types.ts 1ms
packages/editor/src/timeline/playhead-snap-source.ts 0ms
packages/editor/src/timeline/ruler-utils.ts 2ms
packages/editor/src/timeline/scale.ts 0ms (unchanged)
packages/editor/src/timeline/scenes.ts 1ms
packages/editor/src/timeline/snapping/build.ts 0ms
packages/editor/src/timeline/snapping/index.ts 0ms
packages/editor/src/timeline/snapping/resolve.ts 0ms
packages/editor/src/timeline/snapping/threshold.ts 0ms
packages/editor/src/timeline/snapping/types.ts 0ms
packages/editor/src/timeline/timeline-store.ts 1ms
packages/editor/src/timeline/track-capabilities.ts 0ms
packages/editor/src/timeline/track-element-update.ts 2ms
packages/editor/src/timeline/tracks.ts 0ms
packages/editor/src/timeline/types.ts 2ms
packages/editor/src/timeline/update-pipeline.ts 2ms
packages/editor/src/timeline/zoom-utils.ts 1ms
packages/editor/src/transcription/audio.ts 0ms (unchanged)
packages/editor/src/transcription/caption-defaults.ts 0ms (unchanged)
packages/editor/src/transcription/caption.ts 1ms
packages/editor/src/transcription/diagnostics.ts 0ms
packages/editor/src/transcription/languages.ts 0ms
packages/editor/src/transcription/supported-languages.ts 0ms (unchanged)
packages/editor/src/transcription/types.ts 0ms
packages/editor/src/types/eyedropper.d.ts 0ms
packages/editor/src/types/soundtouchjs.d.ts 0ms
packages/editor/src/utils/__tests__/math.test.ts 2ms
packages/editor/src/utils/browser.ts 1ms
packages/editor/src/utils/color.ts 3ms
packages/editor/src/utils/date.ts 0ms
packages/editor/src/utils/geometry.ts 0ms
packages/editor/src/utils/id.ts 1ms
packages/editor/src/utils/math.ts 3ms
packages/editor/src/utils/platform.ts 0ms
packages/editor/src/utils/string.ts 0ms
packages/editor/src/utils/ui.ts 0ms
packages/editor/src/wasm/index.ts 0ms (unchanged)
packages/editor/src/wasm/media-time.ts 2ms
packages/editor/css-build.config.mjs 11ms
packages/editor/package.json 1ms (unchanged)
packages/editor/tsconfig.build.json 0ms
packages/editor/tsconfig.json 0ms
packages/editor/vite.config.ts 2ms
examples/next/app/host.tsx 1ms
examples/next/app/layout.tsx 0ms
examples/next/app/local-editor.tsx 1ms
examples/next/app/page.tsx 0ms
examples/next/next-env.d.ts 1ms (unchanged)
examples/next/package.json 0ms
examples/next/tsconfig.json 0ms
examples/vite/harness.html 9ms
examples/vite/harness.tsx 5ms
examples/vite/index.html 1ms
examples/vite/package.json 0ms
examples/vite/src.tsx 3ms
examples/vite/vite.config.ts 0ms
scripts/adapt-fonts.mjs 3ms
scripts/adapt-shell.mjs 2ms
scripts/add-lifecycle.mjs 2ms
scripts/build-wasm.mjs 1ms
scripts/extract-features.mjs 3ms
scripts/fix-declaration-paths.mjs 1ms
scripts/isolate-preferences.mjs 1ms
scripts/migrate-menu-events.mjs 0ms
scripts/port-placement-tests.mjs 1ms
scripts/prune-feature-branches.mjs 3ms
scripts/prune-feature-references.mjs 1ms
scripts/remove-library-audio.mjs 1ms
scripts/remove-project-migrations.mjs 1ms
tests/wasm-setup.ts 1ms
vitest.config.ts 0ms
