📦  @basic-video-editor/render-wasm@0.1.0
Tarball Contents
Cargo.lock
Cargo.toml
dist/index.d.ts
dist/index.js
dist/opencut_wasm_bg.wasm
dist/opencut_wasm_bg.wasm.d.ts
dist/opencut_wasm.d.ts
dist/opencut_wasm.js
LICENSE
package.json
rust-toolchain.toml
rust/crates/blur/Cargo.toml
rust/crates/blur/src/blur.rs
rust/crates/blur/src/pipeline.rs
rust/crates/blur/src/shaders/gaussian_blur.wgsl
rust/crates/blur/src/types.rs
rust/crates/bridge/Cargo.toml
rust/crates/bridge/src/bridge.rs
rust/crates/compositor/Cargo.toml
rust/crates/compositor/src/blend_mode.rs
rust/crates/compositor/src/compositor.rs
rust/crates/compositor/src/frame.rs
rust/crates/compositor/src/lib.rs
rust/crates/compositor/src/shaders/blend.wgsl
rust/crates/compositor/src/shaders/layer.wgsl
rust/crates/compositor/src/shaders/mask.wgsl
rust/crates/compositor/src/texture_pool.rs
rust/crates/compositor/src/texture_store.rs
rust/crates/gpu/Cargo.toml
rust/crates/gpu/src/context.rs
rust/crates/gpu/src/lib.rs
rust/crates/gpu/src/shaders/blit.wgsl
rust/crates/gpu/src/shaders/fullscreen.wgsl
rust/crates/masks/Cargo.toml
rust/crates/masks/src/feather.rs
rust/crates/masks/src/masks.rs
rust/crates/masks/src/sdf.rs
rust/crates/masks/src/shaders/jfa_distance.wgsl
rust/crates/masks/src/shaders/jfa_init.wgsl
rust/crates/masks/src/shaders/jfa_step.wgsl
rust/crates/time/Cargo.toml
rust/crates/time/src/frame_rate.rs
rust/crates/time/src/media_time.rs
rust/crates/time/src/time.rs
rust/crates/time/src/timecode.rs
rust/README.md
rust/wasm/Cargo.toml
rust/wasm/README.md
rust/wasm/src/blur.rs
rust/wasm/src/compositor.rs
rust/wasm/src/gpu.rs
rust/wasm/src/masks.rs
rust/wasm/src/perf.rs
rust/wasm/src/wasm.rs
Tarball Details
/Users/qingqing/Documents/artifacts/basic-video-editor-render-wasm-0.1.0.tgz
