
> build
> tsc --noEmit && vite build

vite v8.3.1 building client environment for production...
transforming...
✓ 2323 modules transformed.
rendering chunks...
computing gzip size...
dist/index.html                                            0.43 kB │ gzip:     0.28 kB
dist/assets/editor-hLEbMGhO-hLEbMGhO.wasm              4,224.07 kB │ gzip: 1,109.87 kB
dist/assets/style-O_iJnHYH.css                            94.59 kB │ gzip:    13.68 kB
dist/assets/preferences-CByiDqiH-D_qbW883.js               0.68 kB │ gzip:     0.38 kB
dist/assets/rolldown-runtime-hePW80VL.js                   0.71 kB │ gzip:     0.42 kB
dist/assets/gpu-renderer-DfPicnU1-Bo1uDdlC.js              0.74 kB │ gzip:     0.43 kB
dist/assets/dist-79y6lBv3.js                               6.11 kB │ gzip:     2.48 kB
dist/assets/dist-g915E95f-B1f2WOWo.js                     62.80 kB │ gzip:    17.34 kB
dist/assets/custom-presets-store-EbotR8M8-Ct5xS5Eq.js    101.48 kB │ gzip:    39.37 kB
dist/assets/HugeiconsIcon-DruRV39q.js                    105.54 kB │ gzip:    32.68 kB
dist/assets/index-D2OJucoJ.js                            193.97 kB │ gzip:    61.45 kB
dist/assets/video-editor-IRNtgDKc-C83oDzjz.js            456.91 kB │ gzip:   133.33 kB
dist/assets/core-DdEIvwbJ-VJJQQowF.js                    977.82 kB │ gzip:   327.98 kB

[plugin builtin:vite-reporter] 
(!) Some chunks are larger than 500 kB after minification. Consider:
- Using dynamic import() to code-split the application
- Use build.rolldownOptions.output.codeSplitting to improve chunking: https://rolldown.rs/reference/OutputOptions.codeSplitting
- Adjust chunk size limit for this warning via build.chunkSizeWarningLimit.
✓ built in 284ms
