📦  @basic-video-editor/editor@0.1.0
Tarball Contents
dist/assets/editor-hLEbMGhO.wasm
dist/core-DdEIvwbJ.js
dist/core-DdEIvwbJ.js.map
dist/custom-presets-store-EbotR8M8.js
dist/custom-presets-store-EbotR8M8.js.map
dist/dist-g915E95f.js
dist/dist-g915E95f.js.map
dist/gpu-renderer-DfPicnU1.js
dist/gpu-renderer-DfPicnU1.js.map
dist/id-CK3LhbcI.js
dist/id-CK3LhbcI.js.map
dist/index.js
dist/index.js.map
dist/INTER-LICENSE.txt
dist/preferences-CByiDqiH.js
dist/preferences-CByiDqiH.js.map
dist/repositories-GOw5ptan.js
dist/repositories-GOw5ptan.js.map
dist/style.css
dist/types/actions/components/shortcuts-dialog.d.ts
dist/types/actions/definitions.d.ts
dist/types/actions/index.d.ts
dist/types/actions/keybinding.d.ts
dist/types/actions/keybindings-store.d.ts
dist/types/actions/registry.d.ts
dist/types/actions/types.d.ts
dist/types/actions/use-action-handler.d.ts
dist/types/actions/use-editor-actions.d.ts
dist/types/actions/use-keybindings.d.ts
dist/types/actions/use-keyboard-shortcuts-help.d.ts
dist/types/animation/bezier.d.ts
dist/types/animation/channel-data.d.ts
dist/types/animation/curve-bridge.d.ts
dist/types/animation/graph-channels.d.ts
dist/types/animation/index.d.ts
dist/types/animation/interpolation.d.ts
dist/types/animation/keyframe-query.d.ts
dist/types/animation/keyframes.d.ts
dist/types/animation/path.d.ts
dist/types/animation/property-groups.d.ts
dist/types/animation/resolve.d.ts
dist/types/animation/transform.d.ts
dist/types/animation/types.d.ts
dist/types/animation/values.d.ts
dist/types/api/adapters.d.ts
dist/types/background/blur.d.ts
dist/types/background/color.d.ts
dist/types/browser/capabilities.d.ts
dist/types/browser/preferences.d.ts
dist/types/browser/repositories.d.ts
dist/types/canvas/sizes.d.ts
dist/types/clipboard/handlers/elements.d.ts
dist/types/clipboard/handlers/index.d.ts
dist/types/clipboard/handlers/keyframes.d.ts
dist/types/clipboard/index.d.ts
dist/types/clipboard/types.d.ts
dist/types/commands/base-command.d.ts
dist/types/commands/batch-command.d.ts
dist/types/commands/index.d.ts
dist/types/commands/media/add-media-asset.d.ts
dist/types/commands/media/index.d.ts
dist/types/commands/media/remove-media-asset.d.ts
dist/types/commands/preview-tracker.d.ts
dist/types/commands/project/index.d.ts
dist/types/commands/project/update-project-settings.d.ts
dist/types/commands/scene/create-scene.d.ts
dist/types/commands/scene/delete-scene.d.ts
dist/types/commands/scene/index.d.ts
dist/types/commands/scene/move-bookmark.d.ts
dist/types/commands/scene/remove-bookmark.d.ts
dist/types/commands/scene/rename-scene.d.ts
dist/types/commands/scene/toggle-bookmark.d.ts
dist/types/commands/scene/update-bookmark.d.ts
dist/types/commands/timeline/clipboard/index.d.ts
dist/types/commands/timeline/clipboard/paste-keyframes.d.ts
dist/types/commands/timeline/clipboard/paste.d.ts
dist/types/commands/timeline/element/delete-elements.d.ts
dist/types/commands/timeline/element/duplicate-elements.d.ts
dist/types/commands/timeline/element/index.d.ts
dist/types/commands/timeline/element/insert-element.d.ts
dist/types/commands/timeline/element/keyframes/index.d.ts
dist/types/commands/timeline/element/keyframes/remove-keyframe.d.ts
dist/types/commands/timeline/element/keyframes/retime-keyframe.d.ts
dist/types/commands/timeline/element/keyframes/update-scalar-keyframe-curve.d.ts
dist/types/commands/timeline/element/keyframes/upsert-keyframe.d.ts
dist/types/commands/timeline/element/masks/delete-custom-mask-points.d.ts
dist/types/commands/timeline/element/masks/index.d.ts
dist/types/commands/timeline/element/masks/insert-custom-mask-point.d.ts
dist/types/commands/timeline/element/masks/remove-mask.d.ts
dist/types/commands/timeline/element/masks/toggle-mask-inverted.d.ts
dist/types/commands/timeline/element/move-elements.d.ts
dist/types/commands/timeline/element/split-elements.d.ts
dist/types/commands/timeline/element/toggle-source-audio-separation.d.ts
dist/types/commands/timeline/element/update-elements.d.ts
dist/types/commands/timeline/index.d.ts
dist/types/commands/timeline/track/add-track.d.ts
dist/types/commands/timeline/track/index.d.ts
dist/types/commands/timeline/track/remove-track.d.ts
dist/types/commands/timeline/track/toggle-track-mute.d.ts
dist/types/commands/timeline/track/toggle-track-visibility.d.ts
dist/types/commands/timeline/tracks-snapshot.d.ts
dist/types/components/editable-timecode.d.ts
dist/types/components/editor/editor-header.d.ts
dist/types/components/editor/export-button.d.ts
dist/types/components/editor/panels/assets/assets-panel-store.d.ts
dist/types/components/editor/panels/assets/drag-overlay.d.ts
dist/types/components/editor/panels/assets/draggable-item.d.ts
dist/types/components/editor/panels/assets/index.d.ts
dist/types/components/editor/panels/assets/tabbar.d.ts
dist/types/components/editor/panels/assets/views/assets.d.ts
dist/types/components/editor/panels/assets/views/base-panel.d.ts
dist/types/components/editor/panels/assets/views/settings/background.d.ts
dist/types/components/editor/panels/assets/views/settings/index.d.ts
dist/types/components/editor/panels/properties/components/element-params-tab.d.ts
dist/types/components/editor/panels/properties/components/keyframe-toggle.d.ts
dist/types/components/editor/panels/properties/components/property-param-field.d.ts
dist/types/components/editor/panels/properties/empty-view.d.ts
dist/types/components/editor/panels/properties/hooks/use-element-playhead.d.ts
dist/types/components/editor/panels/properties/hooks/use-keyframed-param-property.d.ts
dist/types/components/editor/panels/properties/hooks/use-property-draft.d.ts
dist/types/components/editor/panels/properties/index.d.ts
dist/types/components/editor/panels/properties/registry.d.ts
dist/types/components/editor/panels/properties/stores/properties-store.d.ts
dist/types/components/editor/scenes-view.d.ts
dist/types/components/icons/brand.d.ts
dist/types/components/icons/index.d.ts
dist/types/components/icons/types.d.ts
dist/types/components/icons/ui.d.ts
dist/types/components/providers/editor-provider.d.ts
dist/types/components/section.d.ts
dist/types/components/theme-toggle.d.ts
dist/types/components/ui/alert.d.ts
dist/types/components/ui/aspect-ratio.d.ts
dist/types/components/ui/button.d.ts
dist/types/components/ui/checkbox.d.ts
dist/types/components/ui/color-picker.d.ts
dist/types/components/ui/context-menu.d.ts
dist/types/components/ui/dialog.d.ts
dist/types/components/ui/dropdown-menu.d.ts
dist/types/components/ui/font-picker.d.ts
dist/types/components/ui/input.d.ts
dist/types/components/ui/label.d.ts
dist/types/components/ui/media-image.d.ts
dist/types/components/ui/number-field.d.ts
dist/types/components/ui/popover.d.ts
dist/types/components/ui/progress.d.ts
dist/types/components/ui/radio-group.d.ts
dist/types/components/ui/render-props.d.ts
dist/types/components/ui/resizable.d.ts
dist/types/components/ui/scroll-area.d.ts
dist/types/components/ui/select.d.ts
dist/types/components/ui/separator.d.ts
dist/types/components/ui/sheet.d.ts
dist/types/components/ui/slider.d.ts
dist/types/components/ui/spinner.d.ts
dist/types/components/ui/split-button.d.ts
dist/types/components/ui/switch.d.ts
dist/types/components/ui/tabs.d.ts
dist/types/components/ui/textarea.d.ts
dist/types/components/ui/tooltip.d.ts
dist/types/components/ui/use-overlay-open-change.d.ts
dist/types/core/index.d.ts
dist/types/core/managers/audio-manager.d.ts
dist/types/core/managers/clipboard-manager.d.ts
dist/types/core/managers/commands.d.ts
dist/types/core/managers/diagnostics-manager.d.ts
dist/types/core/managers/media-manager.d.ts
dist/types/core/managers/playback-manager.d.ts
dist/types/core/managers/project-manager.d.ts
dist/types/core/managers/renderer-manager.d.ts
dist/types/core/managers/save-manager.d.ts
dist/types/core/managers/scenes-manager.d.ts
dist/types/core/managers/selection-manager.d.ts
dist/types/core/managers/timeline-manager.d.ts
dist/types/core/notifications.d.ts
dist/types/core/notify.d.ts
dist/types/core/transcription.d.ts
dist/types/data/colors/pattern-craft.d.ts
dist/types/data/colors/solid.d.ts
dist/types/data/colors/syntax-ui.d.ts
dist/types/diagnostics/render-perf.d.ts
dist/types/diagnostics/types.d.ts
dist/types/editor/cancel-interaction.d.ts
dist/types/editor/editor-store.d.ts
dist/types/editor/panel-store.d.ts
dist/types/editor/use-editor.d.ts
dist/types/editor/use-menu-preview.d.ts
dist/types/export/defaults.d.ts
dist/types/export/index.d.ts
dist/types/export/mime-types.d.ts
dist/types/fonts/local-fonts.d.ts
dist/types/fonts/resolver.d.ts
dist/types/fonts/service.d.ts
dist/types/fonts/system-fonts.d.ts
dist/types/fonts/types.d.ts
dist/types/fonts/use-font-catalog.d.ts
dist/types/fps/defaults.d.ts
dist/types/fps/presets.d.ts
dist/types/fps/utils.d.ts
dist/types/gradients/canvas.d.ts
dist/types/gradients/index.d.ts
dist/types/gradients/parser.d.ts
dist/types/guides/definitions/custom.d.ts
dist/types/guides/definitions/grid.d.ts
dist/types/guides/definitions/platforms.d.ts
dist/types/guides/definitions/tiktok-layout.d.ts
dist/types/guides/grid.d.ts
dist/types/guides/index.d.ts
dist/types/guides/preview-overlay.d.ts
dist/types/guides/registry.d.ts
dist/types/guides/types.d.ts
dist/types/hooks/use-committed-ref.d.ts
dist/types/hooks/use-container-size.d.ts
dist/types/hooks/use-focus-lock.d.ts
dist/types/hooks/use-fullscreen.d.ts
dist/types/hooks/use-infinite-scroll.d.ts
dist/types/hooks/use-mobile.d.ts
dist/types/hooks/use-raf-loop.d.ts
dist/types/hooks/use-resize-observer.d.ts
dist/types/hooks/use-shift-key.d.ts
dist/types/index.d.ts
dist/types/masks/builtin/box-like.d.ts
dist/types/masks/builtin/definitions/cinematic-bars.d.ts
dist/types/masks/builtin/definitions/diamond.d.ts
dist/types/masks/builtin/definitions/ellipse.d.ts
dist/types/masks/builtin/definitions/heart.d.ts
dist/types/masks/builtin/definitions/index.d.ts
dist/types/masks/builtin/definitions/rectangle.d.ts
dist/types/masks/builtin/definitions/split.d.ts
dist/types/masks/builtin/definitions/star.d.ts
dist/types/masks/builtin/definitions/text.d.ts
dist/types/masks/components/masks-tab.d.ts
dist/types/masks/dimensions.d.ts
dist/types/masks/feather.d.ts
dist/types/masks/freeform/definition.d.ts
dist/types/masks/freeform/path.d.ts
dist/types/masks/geometry.d.ts
dist/types/masks/handle-positions.d.ts
dist/types/masks/index.d.ts
dist/types/masks/param-update.d.ts
dist/types/masks/registry.d.ts
dist/types/masks/snap.d.ts
dist/types/masks/types.d.ts
dist/types/masks/use-mask-handles.d.ts
dist/types/masks/utils.d.ts
dist/types/media/audio-mastering.d.ts
dist/types/media/audio.d.ts
dist/types/media/media-utils.d.ts
dist/types/media/mediabunny.d.ts
dist/types/media/processing.d.ts
dist/types/media/thumbnail.d.ts
dist/types/media/types.d.ts
dist/types/media/upload-toast.d.ts
dist/types/media/use-file-upload.d.ts
dist/types/media/use-paste-media.d.ts
dist/types/media/waveform-summary.d.ts
dist/types/panels/layout.d.ts
dist/types/params/index.d.ts
dist/types/params/registry.d.ts
dist/types/preview/components/context-menu.d.ts
dist/types/preview/components/cursors.d.ts
dist/types/preview/components/guide-popover.d.ts
dist/types/preview/components/handle-primitives.d.ts
dist/types/preview/components/index.d.ts
dist/types/preview/components/mask-handles.d.ts
dist/types/preview/components/overlay-layer.d.ts
dist/types/preview/components/preview-interaction-overlay.d.ts
dist/types/preview/components/preview-viewport.d.ts
dist/types/preview/components/snap-guides.d.ts
dist/types/preview/components/text-edit-overlay.d.ts
dist/types/preview/components/toolbar.d.ts
dist/types/preview/components/transform-handles.d.ts
dist/types/preview/controllers/preview-interaction-controller.d.ts
dist/types/preview/controllers/transform-handle-controller.d.ts
dist/types/preview/element-bounds.d.ts
dist/types/preview/hit-test.d.ts
dist/types/preview/hooks/use-preview-interaction.d.ts
dist/types/preview/hooks/use-transform-handles.d.ts
dist/types/preview/overlays.d.ts
dist/types/preview/preview-coords.d.ts
dist/types/preview/preview-snap.d.ts
dist/types/preview/preview-store.d.ts
dist/types/preview/zoom.d.ts
dist/types/project/components/delete-project-dialog.d.ts
dist/types/project/components/project-info-dialog.d.ts
dist/types/project/components/rename-project-dialog.d.ts
dist/types/project/types.d.ts
dist/types/react/editor-layout.d.ts
dist/types/react/notifications.d.ts
dist/types/react/ui-context.d.ts
dist/types/react/video-editor.d.ts
dist/types/rendering/animation-values.d.ts
dist/types/rendering/index.d.ts
dist/types/retime/audio-stretch.d.ts
dist/types/retime/index.d.ts
dist/types/retime/presets.d.ts
dist/types/retime/rate.d.ts
dist/types/retime/resolve.d.ts
dist/types/retime/split.d.ts
dist/types/ripple/apply.d.ts
dist/types/ripple/diff.d.ts
dist/types/ripple/index.d.ts
dist/types/ripple/shift.d.ts
dist/types/selection/attributes.d.ts
dist/types/selection/context.d.ts
dist/types/selection/editor-selection.d.ts
dist/types/selection/hit-testing.d.ts
dist/types/selection/hooks/use-box-select.d.ts
dist/types/selection/hooks/use-selection-scope.d.ts
dist/types/selection/index.d.ts
dist/types/selection/scope.d.ts
dist/types/selection/selectable-item.d.ts
dist/types/selection/selectable-surface.d.ts
dist/types/selection/selection-box.d.ts
dist/types/selection/state.d.ts
dist/types/selection/types.d.ts
dist/types/services/renderer/blur/gaussian.d.ts
dist/types/services/renderer/blur/preview.d.ts
dist/types/services/renderer/blur/types.d.ts
dist/types/services/renderer/canvas-renderer.d.ts
dist/types/services/renderer/canvas-utils.d.ts
dist/types/services/renderer/compositor/frame-descriptor.d.ts
dist/types/services/renderer/compositor/types.d.ts
dist/types/services/renderer/compositor/wasm-compositor.d.ts
dist/types/services/renderer/gpu-renderer.d.ts
dist/types/services/renderer/mask-feather.d.ts
dist/types/services/renderer/nodes/base-node.d.ts
dist/types/services/renderer/nodes/blur-background-node.d.ts
dist/types/services/renderer/nodes/color-node.d.ts
dist/types/services/renderer/nodes/image-node.d.ts
dist/types/services/renderer/nodes/root-node.d.ts
dist/types/services/renderer/nodes/text-node.d.ts
dist/types/services/renderer/nodes/video-node.d.ts
dist/types/services/renderer/nodes/visual-node.d.ts
dist/types/services/renderer/resolve.d.ts
dist/types/services/renderer/scene-builder.d.ts
dist/types/services/renderer/scene-exporter.d.ts
dist/types/services/storage/components/storage-persistence-dialog.d.ts
dist/types/services/storage/indexeddb-adapter.d.ts
dist/types/services/storage/opfs-adapter.d.ts
dist/types/services/storage/quota.d.ts
dist/types/services/storage/service.d.ts
dist/types/services/storage/types.d.ts
dist/types/services/storage/use-local-storage.d.ts
dist/types/services/storage/use-storage-persistence.d.ts
dist/types/services/video-cache/service.d.ts
dist/types/services/waveform-cache/service.d.ts
dist/types/speed/components/speed-tab.d.ts
dist/types/subtitles/ass.d.ts
dist/types/subtitles/build-subtitle-text-element.d.ts
dist/types/subtitles/components/assets-view.d.ts
dist/types/subtitles/insert.d.ts
dist/types/subtitles/parse.d.ts
dist/types/subtitles/srt.d.ts
dist/types/subtitles/types.d.ts
dist/types/text/background.d.ts
dist/types/text/components/assets-view.d.ts
dist/types/text/layout.d.ts
dist/types/text/measure-element.d.ts
dist/types/text/primitives.d.ts
dist/types/text/typography.d.ts
dist/types/timeline/animation-snap-points.d.ts
dist/types/timeline/animation-targets.d.ts
dist/types/timeline/audio-constants.d.ts
dist/types/timeline/audio-display.d.ts
dist/types/timeline/audio-separation/index.d.ts
dist/types/timeline/audio-state.d.ts
dist/types/timeline/bookmarks/components/bookmarks.d.ts
dist/types/timeline/bookmarks/hooks/use-bookmark-drag.d.ts
dist/types/timeline/bookmarks/index.d.ts
dist/types/timeline/bookmarks/preview-overlay-source.d.ts
dist/types/timeline/bookmarks/snap-source.d.ts
dist/types/timeline/bookmarks/utils.d.ts
dist/types/timeline/components/audio-volume-line.d.ts
dist/types/timeline/components/audio-waveform.d.ts
dist/types/timeline/components/drag-line.d.ts
dist/types/timeline/components/drop-target.d.ts
dist/types/timeline/components/expanded-layout.d.ts
dist/types/timeline/components/graph-editor/bezier-graph.d.ts
dist/types/timeline/components/graph-editor/custom-presets-store.d.ts
dist/types/timeline/components/graph-editor/easing-presets.d.ts
dist/types/timeline/components/graph-editor/popover.d.ts
dist/types/timeline/components/graph-editor/session.d.ts
dist/types/timeline/components/graph-editor/use-controller.d.ts
dist/types/timeline/components/index.d.ts
dist/types/timeline/components/interaction.d.ts
dist/types/timeline/components/layers.d.ts
dist/types/timeline/components/layout.d.ts
dist/types/timeline/components/selection-hit-testing.d.ts
dist/types/timeline/components/snap-indicator.d.ts
dist/types/timeline/components/theme.d.ts
dist/types/timeline/components/timeline-element.d.ts
dist/types/timeline/components/timeline-playhead.d.ts
dist/types/timeline/components/timeline-ruler.d.ts
dist/types/timeline/components/timeline-tick.d.ts
dist/types/timeline/components/timeline-toolbar.d.ts
dist/types/timeline/components/timeline-track.d.ts
dist/types/timeline/components/track-layout.d.ts
dist/types/timeline/controllers/drag-drop-controller.d.ts
dist/types/timeline/controllers/element-interaction-controller.d.ts
dist/types/timeline/controllers/keyframe-drag-controller.d.ts
dist/types/timeline/controllers/playhead-controller.d.ts
dist/types/timeline/controllers/resize-controller.d.ts
dist/types/timeline/controllers/seek-controller.d.ts
dist/types/timeline/controllers/zoom-controller.d.ts
dist/types/timeline/creation.d.ts
dist/types/timeline/defaults.d.ts
dist/types/timeline/drag-source.d.ts
dist/types/timeline/drag-utils.d.ts
dist/types/timeline/drag.d.ts
dist/types/timeline/element-snap-source.d.ts
dist/types/timeline/element-utils.d.ts
dist/types/timeline/group-move/build-group.d.ts
dist/types/timeline/group-move/index.d.ts
dist/types/timeline/group-move/resolve-move.d.ts
dist/types/timeline/group-move/snap.d.ts
dist/types/timeline/group-move/track-placement.d.ts
dist/types/timeline/group-move/types.d.ts
dist/types/timeline/group-resize/compute-resize.d.ts
dist/types/timeline/group-resize/index.d.ts
dist/types/timeline/group-resize/types.d.ts
dist/types/timeline/hooks/element/use-element-interaction.d.ts
dist/types/timeline/hooks/element/use-element-selection.d.ts
dist/types/timeline/hooks/element/use-keyframe-box-select.d.ts
dist/types/timeline/hooks/element/use-keyframe-drag.d.ts
dist/types/timeline/hooks/element/use-keyframe-selection.d.ts
dist/types/timeline/hooks/use-edge-auto-scroll.d.ts
dist/types/timeline/hooks/use-element-preview.d.ts
dist/types/timeline/hooks/use-initial-scroll-bottom.d.ts
dist/types/timeline/hooks/use-scroll-position.d.ts
dist/types/timeline/hooks/use-scroll-sync.d.ts
dist/types/timeline/hooks/use-snap-indicator-position.d.ts
dist/types/timeline/hooks/use-timeline-drag-drop.d.ts
dist/types/timeline/hooks/use-timeline-playhead.d.ts
dist/types/timeline/hooks/use-timeline-resize.d.ts
dist/types/timeline/hooks/use-timeline-seek.d.ts
dist/types/timeline/hooks/use-timeline-zoom.d.ts
dist/types/timeline/index.d.ts
dist/types/timeline/pixel-utils.d.ts
dist/types/timeline/placement/apply.d.ts
dist/types/timeline/placement/compatibility.d.ts
dist/types/timeline/placement/index.d.ts
dist/types/timeline/placement/insert-index.d.ts
dist/types/timeline/placement/main-track.d.ts
dist/types/timeline/placement/overlap.d.ts
dist/types/timeline/placement/resolve.d.ts
dist/types/timeline/placement/track-factory.d.ts
dist/types/timeline/placement/types.d.ts
dist/types/timeline/playhead-snap-source.d.ts
dist/types/timeline/ruler-utils.d.ts
dist/types/timeline/scale.d.ts
dist/types/timeline/scenes.d.ts
dist/types/timeline/snapping/build.d.ts
dist/types/timeline/snapping/index.d.ts
dist/types/timeline/snapping/resolve.d.ts
dist/types/timeline/snapping/threshold.d.ts
dist/types/timeline/snapping/types.d.ts
dist/types/timeline/timeline-store.d.ts
dist/types/timeline/track-capabilities.d.ts
dist/types/timeline/track-element-update.d.ts
dist/types/timeline/tracks.d.ts
dist/types/timeline/types.d.ts
dist/types/timeline/update-pipeline.d.ts
dist/types/timeline/zoom-utils.d.ts
dist/types/transcription/audio.d.ts
dist/types/transcription/caption-defaults.d.ts
dist/types/transcription/caption.d.ts
dist/types/transcription/diagnostics.d.ts
dist/types/transcription/languages.d.ts
dist/types/transcription/supported-languages.d.ts
dist/types/transcription/types.d.ts
dist/types/utils/browser.d.ts
dist/types/utils/color.d.ts
dist/types/utils/date.d.ts
dist/types/utils/geometry.d.ts
dist/types/utils/id.d.ts
dist/types/utils/math.d.ts
dist/types/utils/platform.d.ts
dist/types/utils/string.d.ts
dist/types/utils/ui.d.ts
dist/types/wasm/index.d.ts
dist/types/wasm/media-time.d.ts
dist/video-editor-IRNtgDKc.js
dist/video-editor-IRNtgDKc.js.map
LICENSE
package.json
Tarball Details
/Users/qingqing/Documents/code/basic-video-editor/artifacts/basic-video-editor-editor-0.1.0.tgz
