info: downloading installer
info: profile set to minimal
info: default host tuple is aarch64-apple-darwin
info: syncing channel updates for stable-aarch64-apple-darwin
info: latest update on 2026-09-03 for version 1.98.1 (48a229cea 2026-09-01)
info: downloading 3 components
info: default toolchain set to stable-aarch64-apple-darwin

  stable-aarch64-apple-darwin installed - rustc 1.98.1 (48a229cea 2026-09-01)


Rust is installed now. Great!

To get started you need Cargo's bin directory 
(/Users/qingqing/Documents/code/basic-video-editor/.tools/cargo/bin) in your 
PATH
environment variable. This has not been done automatically.

To configure your current shell, you need to source
the corresponding env file under 
/Users/qingqing/Documents/code/basic-video-editor/.tools/cargo.

Consider running the right command for your shell (note the leading DOT):
. "/Users/qingqing/Documents/code/basic-video-editor/.tools/cargo/env"         
# For sh/ash/dash/pdksh/zsh
source 
"/Users/qingqing/Documents/code/basic-video-editor/.tools/cargo/env.tcsh" # For
tcsh
