
> build
> tsc --noEmit && vite build

vite v8.3.1 building client environment for production...
transforming...
✓ 2326 modules transformed.
rendering chunks...
computing gzip size...
dist/index.html                                             0.43 kB │ gzip:     0.28 kB
dist/assets/editor-hLEbMGhO-hLEbMGhO.wasm               4,224.07 kB │ gzip: 1,109.87 kB
dist/assets/style-DXUvHR1H.css                             96.02 kB │ gzip:    13.83 kB
dist/assets/rolldown-runtime-hePW80VL.js                    0.71 kB │ gzip:     0.42 kB
dist/assets/gpu-renderer-DfPicnU1-Bo1uDdlC.js               0.74 kB │ gzip:     0.43 kB
dist/assets/preferences-DbKY3inY-Cxrj7Hh-.js                0.74 kB │ gzip:     0.41 kB
dist/assets/store-q2vr2EFj-alHJ64Fz.js                      1.60 kB │ gzip:     0.64 kB
dist/assets/dist-C3vvMfvC.js                                6.65 kB │ gzip:     2.61 kB
dist/assets/project-browser-C3YBskmw-d1sbCzvx.js           19.53 kB │ gzip:     5.56 kB
dist/assets/dist-g915E95f-B1f2WOWo.js                      62.80 kB │ gzip:    17.34 kB
dist/assets/rename-project-dialog-2QUNYy1d-DfJK5zRZ.js     93.53 kB │ gzip:    28.26 kB
dist/assets/custom-presets-store-EbotR8M8-BnTsX1Lb.js     101.48 kB │ gzip:    39.36 kB
dist/assets/HugeiconsIcon-Cx82XF8Z.js                     106.60 kB │ gzip:    32.72 kB
dist/assets/index-CELwfulN.js                             193.91 kB │ gzip:    61.42 kB
dist/assets/video-editor-EAneptdq-BxFrXuA_.js             357.02 kB │ gzip:   103.83 kB
dist/assets/core-BtVg0X59-CmU_DziU.js                     972.66 kB │ gzip:   326.73 kB

[plugin builtin:vite-reporter] 
(!) Some chunks are larger than 500 kB after minification. Consider:
- Using dynamic import() to code-split the application
- Use build.rolldownOptions.output.codeSplitting to improve chunking: https://rolldown.rs/reference/OutputOptions.codeSplitting
- Adjust chunk size limit for this warning via build.chunkSizeWarningLimit.
✓ built in 262ms
