
> basic-video-editor-workspace@ build:examples /Users/qingqing/Documents/code/basic-video-editor
> pnpm --filter @basic-video-editor/vite-demo build && pnpm --filter @basic-video-editor/next-demo build


> @basic-video-editor/vite-demo@0.1.0 build /Users/qingqing/Documents/code/basic-video-editor/examples/vite
> vite build

vite v8.3.1 building client environment for production...
transforming...
✓ 2327 modules transformed.
rendering chunks...
computing gzip size...
dist/index.html                                             0.50 kB │ gzip:     0.31 kB
dist/assets/editor-hLEbMGhO-hLEbMGhO.wasm               4,224.07 kB │ gzip: 1,109.87 kB
dist/assets/index-D7cJS9Lx.css                             93.79 kB │ gzip:    13.78 kB
dist/assets/gpu-renderer-DfPicnU1-Bqc7iykC.js               0.73 kB │ gzip:     0.43 kB
dist/assets/preferences-DbKY3inY-6ywNUtLH.js                0.74 kB │ gzip:     0.41 kB
dist/assets/store-q2vr2EFj-CJj8xAf9.js                      1.60 kB │ gzip:     0.63 kB
dist/assets/jsx-runtime-B-hcVAMW.js                         8.55 kB │ gzip:     3.26 kB
dist/assets/project-browser-C3YBskmw-BU3Lwy5U.js           19.49 kB │ gzip:     5.56 kB
dist/assets/dist-g915E95f-B1f2WOWo.js                      62.80 kB │ gzip:    17.34 kB
dist/assets/rename-project-dialog-2QUNYy1d-BCPO2RwO.js     93.56 kB │ gzip:    28.20 kB
dist/assets/custom-presets-store-EbotR8M8-aDi9XoHb.js     101.45 kB │ gzip:    39.34 kB
dist/assets/HugeiconsIcon-BSICd3oU.js                     106.57 kB │ gzip:    32.70 kB
dist/assets/index-Ciz_D2Un.js                             187.67 kB │ gzip:    59.61 kB
dist/assets/video-editor-EAneptdq-D_Q6asLb.js             357.06 kB │ gzip:   103.78 kB
dist/assets/core-BtVg0X59-9WX-j2Ld.js                     975.74 kB │ gzip:   328.03 kB

[plugin builtin:vite-reporter] 
(!) Some chunks are larger than 500 kB after minification. Consider:
- Using dynamic import() to code-split the application
- Use build.rolldownOptions.output.codeSplitting to improve chunking: https://rolldown.rs/reference/OutputOptions.codeSplitting
- Adjust chunk size limit for this warning via build.chunkSizeWarningLimit.
✓ built in 283ms

> @basic-video-editor/next-demo@0.1.0 build /Users/qingqing/Documents/code/basic-video-editor/examples/next
> next build

▲ Next.js 16.3.7 (Turbopack)
✓ Running next.config took 5ms

  Creating an optimized production build ...
✓ Compiled successfully in 326ms
  Running TypeScript ...
  Finished TypeScript in 533ms ...
  Collecting page data using 5 workers ...
  Generating static pages using 5 workers (0/4) ...
  Generating static pages using 5 workers (1/4) 
  Generating static pages using 5 workers (2/4) 
  Generating static pages using 5 workers (3/4) 
✓ Generating static pages using 5 workers (4/4) in 159ms
  Finalizing page optimization ...

Route (app)
┌ ○ /
├ ○ /_not-found
└ ○ /verification


○  (Static)  prerendered as static content

