
> @basic-video-editor/editor@0.1.0 typecheck /Users/qingqing/Documents/code/basic-video-editor/packages/editor
> tsc --noEmit

src/actions/components/shortcuts-dialog.tsx(4,23): error TS2307: Cannot find module 'sonner' or its corresponding type declarations.
src/actions/keybindings/persistence.ts(2,10): error TS2724: '"@/actions/keybinding"' has no exported member named 'isShortcutKey'. Did you mean 'ShortcutKey'?
src/actions/keybindings/persistence.ts(4,10): error TS2724: '"@/actions"' has no exported member named 'isActionWithOptionalArgs'. Did you mean 'TActionWithOptionalArgs'?
src/actions/keybindings/persistence.ts(67,19): error TS2345: Argument of type 'string' is not assignable to parameter of type 'ShortcutKey'.
src/actions/keybindings/persistence.ts(116,14): error TS2345: Argument of type 'string' is not assignable to parameter of type 'ShortcutKey'.
src/commands/media/add-media-asset.ts(3,23): error TS2307: Cannot find module 'sonner' or its corresponding type declarations.
src/components/editor/editor-header.tsx(12,18): error TS2307: Cannot find module 'next/link' or its corresponding type declarations.
src/components/editor/editor-header.tsx(15,27): error TS2307: Cannot find module 'next/navigation' or its corresponding type declarations.
src/components/editor/editor-header.tsx(16,27): error TS2307: Cannot find module 'react-icons/fa6' or its corresponding type declarations.
src/components/editor/editor-header.tsx(18,33): error TS2307: Cannot find module '@/feedback/components/feedback-popover' or its corresponding type declarations.
src/components/editor/editor-header.tsx(20,34): error TS2307: Cannot find module '@/site/brand' or its corresponding type declarations.
src/components/editor/editor-header.tsx(21,30): error TS2307: Cannot find module '@/site/social' or its corresponding type declarations.
src/components/editor/editor-header.tsx(22,23): error TS2307: Cannot find module 'sonner' or its corresponding type declarations.
src/components/editor/editor-header.tsx(27,19): error TS2307: Cannot find module 'next/image' or its corresponding type declarations.
src/components/editor/export-button.tsx(177,29): error TS7006: Parameter 'value' implicitly has an 'any' type.
src/components/editor/export-button.tsx(206,29): error TS7006: Parameter 'value' implicitly has an 'any' type.
src/components/editor/panels/assets/views/assets.tsx(3,19): error TS2307: Cannot find module 'next/image' or its corresponding type declarations.
src/components/editor/panels/assets/views/assets.tsx(9,23): error TS2307: Cannot find module 'sonner' or its corresponding type declarations.
src/components/editor/panels/assets/views/settings/background.tsx(21,38): error TS2307: Cannot find module '@/services/renderer/effect-preview' or its corresponding type declarations.
src/components/editor/scenes-view.tsx(25,23): error TS2307: Cannot find module 'sonner' or its corresponding type declarations.
src/components/editor/scenes-view.tsx(96,5): error TS2559: Type '{ children: Element[]; }' has no properties in common with type 'IntrinsicAttributes & SheetContentProps & RefAttributes<any>'.
src/components/providers/editor-provider.tsx(4,27): error TS2307: Cannot find module 'next/navigation' or its corresponding type declarations.
src/components/theme-toggle.tsx(4,26): error TS2307: Cannot find module 'next-themes' or its corresponding type declarations.
src/components/ui/color-picker.tsx(287,4): error TS2322: Type '{ children: Element[]; className: string; side: Side; align: Align; sideOffset: number; onOpenAutoFocus: (event: Event) => void; onCloseAutoFocus: (event: Event) => void; onInteractOutside: (event: any) => void; }' is not assignable to type 'IntrinsicAttributes & Omit<Omit<Omit<PopoverPopupProps, "ref"> & RefAttributes<HTMLDivElement>, "ref">, "className"> & { ...; } & Pick<...> & { ...; } & RefAttributes<...>'.
  Property 'onInteractOutside' does not exist on type 'IntrinsicAttributes & Omit<Omit<Omit<PopoverPopupProps, "ref"> & RefAttributes<HTMLDivElement>, "ref">, "className"> & { ...; } & Pick<...> & { ...; } & RefAttributes<...>'.
src/components/ui/color-picker.tsx(287,24): error TS7006: Parameter 'event' implicitly has an 'any' type.
src/components/ui/context-menu.tsx(4,53): error TS2307: Cannot find module 'radix-ui' or its corresponding type declarations.
src/components/ui/dialog.tsx(29,194): error TS2322: Type 'ForwardedRef<HTMLElement>' is not assignable to type '((((instance: HTMLButtonElement | null) => void | (() => VoidOrUndefinedOnly)) | RefObject<HTMLButtonElement | null>) & (RefObject<...> | ((instance: HTMLElement | null) => void | (() => VoidOrUndefinedOnly)))) | null | undefined'.
  Type 'RefObject<HTMLElement | null>' is not assignable to type '((((instance: HTMLButtonElement | null) => void | (() => VoidOrUndefinedOnly)) | RefObject<HTMLButtonElement | null>) & (RefObject<...> | ((instance: HTMLElement | null) => void | (() => VoidOrUndefinedOnly)))) | null | undefined'.
    Type 'RefObject<HTMLElement | null>' is not assignable to type 'RefObject<HTMLButtonElement | null> & ((instance: HTMLElement | null) => void | (() => VoidOrUndefinedOnly))'.
      Type 'RefObject<HTMLElement | null>' is not assignable to type 'RefObject<HTMLButtonElement | null>'.
        Type 'HTMLElement | null' is not assignable to type 'HTMLButtonElement | null'.
          Type 'HTMLElement' is missing the following properties from type 'HTMLButtonElement': disabled, form, formAction, formEnctype, and 15 more.
src/components/ui/dropdown-menu.tsx(4,55): error TS2307: Cannot find module 'radix-ui' or its corresponding type declarations.
src/components/ui/dropdown-menu.tsx(102,23): error TS7006: Parameter 'e' implicitly has an 'any' type.
src/components/ui/dropdown-menu.tsx(191,14): error TS7006: Parameter 'e' implicitly has an 'any' type.
src/components/ui/popover.tsx(28,197): error TS2322: Type 'ForwardedRef<HTMLElement>' is not assignable to type '((((instance: HTMLButtonElement | null) => void | (() => VoidOrUndefinedOnly)) | RefObject<HTMLButtonElement | null>) & (RefObject<...> | ((instance: HTMLElement | null) => void | (() => VoidOrUndefinedOnly)))) | null | undefined'.
  Type 'RefObject<HTMLElement | null>' is not assignable to type '((((instance: HTMLButtonElement | null) => void | (() => VoidOrUndefinedOnly)) | RefObject<HTMLButtonElement | null>) & (RefObject<...> | ((instance: HTMLElement | null) => void | (() => VoidOrUndefinedOnly)))) | null | undefined'.
    Type 'RefObject<HTMLElement | null>' is not assignable to type 'RefObject<HTMLButtonElement | null> & ((instance: HTMLElement | null) => void | (() => VoidOrUndefinedOnly))'.
      Type 'RefObject<HTMLElement | null>' is not assignable to type 'RefObject<HTMLButtonElement | null>'.
        Type 'HTMLElement | null' is not assignable to type 'HTMLButtonElement | null'.
          Type 'HTMLElement' is missing the following properties from type 'HTMLButtonElement': disabled, form, formAction, formEnctype, and 15 more.
src/components/ui/radio-group.tsx(4,51): error TS2307: Cannot find module 'radix-ui' or its corresponding type declarations.
src/components/ui/sheet.tsx(4,42): error TS2307: Cannot find module 'radix-ui' or its corresponding type declarations.
src/components/ui/sheet.tsx(75,22): error TS2339: Property 'className' does not exist on type 'SheetContentProps'.
src/components/ui/sheet.tsx(75,33): error TS2339: Property 'children' does not exist on type 'SheetContentProps'.
src/components/ui/sheet.tsx(81,22): error TS7006: Parameter 'e' implicitly has an 'any' type.
src/components/ui/tooltip.tsx(13,197): error TS2322: Type 'ForwardedRef<HTMLElement>' is not assignable to type '((((instance: HTMLButtonElement | null) => void | (() => VoidOrUndefinedOnly)) | RefObject<HTMLButtonElement | null>) & (RefObject<...> | ((instance: HTMLElement | null) => void | (() => VoidOrUndefinedOnly)))) | null | undefined'.
  Type 'RefObject<HTMLElement | null>' is not assignable to type '((((instance: HTMLButtonElement | null) => void | (() => VoidOrUndefinedOnly)) | RefObject<HTMLButtonElement | null>) & (RefObject<...> | ((instance: HTMLElement | null) => void | (() => VoidOrUndefinedOnly)))) | null | undefined'.
    Type 'RefObject<HTMLElement | null>' is not assignable to type 'RefObject<HTMLButtonElement | null> & ((instance: HTMLElement | null) => void | (() => VoidOrUndefinedOnly))'.
      Type 'RefObject<HTMLElement | null>' is not assignable to type 'RefObject<HTMLButtonElement | null>'.
        Type 'HTMLElement | null' is not assignable to type 'HTMLButtonElement | null'.
          Type 'HTMLElement' is missing the following properties from type 'HTMLButtonElement': disabled, form, formAction, formEnctype, and 15 more.
src/core/managers/media-manager.ts(2,23): error TS2307: Cannot find module 'sonner' or its corresponding type declarations.
src/core/managers/project-manager.ts(12,23): error TS2307: Cannot find module 'sonner' or its corresponding type declarations.
src/core/managers/project-manager.ts(26,8): error TS2307: Cannot find module '@/services/storage/migrations' or its corresponding type declarations.
src/guides/definitions/platforms.tsx(1,19): error TS2307: Cannot find module 'next/image' or its corresponding type declarations.
src/media/processing.ts(1,23): error TS2307: Cannot find module 'sonner' or its corresponding type declarations.
src/media/upload-toast.ts(1,23): error TS2307: Cannot find module 'sonner' or its corresponding type declarations.
src/media/upload-toast.ts(33,15): error TS7031: Binding element 'uploadedCount' implicitly has an 'any' type.
src/media/upload-toast.ts(33,30): error TS7031: Binding element 'assetNames' implicitly has an 'any' type.
src/media/use-file-upload.ts(31,3): error TS2322: Type 'boolean | undefined' is not assignable to type 'boolean'.
  Type 'undefined' is not assignable to type 'boolean'.
src/preview/components/context-menu.tsx(12,23): error TS2307: Cannot find module 'sonner' or its corresponding type declarations.
src/preview/components/context-menu.tsx(73,24): error TS7006: Parameter 'checked' implicitly has an 'any' type.
src/react/editor-layout.tsx(3,27): error TS2307: Cannot find module 'next/navigation' or its corresponding type declarations.
src/react/editor-layout.tsx(15,28): error TS2307: Cannot find module '@/components/editor/onboarding' or its corresponding type declarations.
src/react/editor-layout.tsx(16,33): error TS2307: Cannot find module '@/project/components/migration-dialog' or its corresponding type declarations.
src/react/editor-layout.tsx(19,28): error TS2307: Cannot find module '@/components/editor/mobile-gate' or its corresponding type declarations.
src/react/editor-layout.tsx(25,39): error TS2307: Cannot find module '@/changelog/components/changelog-notification' or its corresponding type declarations.
src/services/storage/service.ts(19,63): error TS2307: Cannot find module '@/sounds/types' or its corresponding type declarations.
src/services/storage/service.ts(23,8): error TS2307: Cannot find module '@/services/storage/migrations' or its corresponding type declarations.
src/services/storage/service.ts(489,40): error TS7006: Parameter 'sound' implicitly has an 'any' type.
src/services/storage/service.ts(506,36): error TS7006: Parameter 'sound' implicitly has an 'any' type.
src/subtitles/components/assets-view.tsx(21,38): error TS2307: Cannot find module '@/services/transcription/service' or its corresponding type declarations.
src/timeline/bookmarks/components/bookmarks.tsx(18,2): error TS2305: Module '"@/components/ui/popover"' has no exported member 'PopoverAnchor'.
src/timeline/components/timeline-element.tsx(60,19): error TS2307: Cannot find module 'next/image' or its corresponding type declarations.
src/timeline/components/timeline-element.tsx(1060,6): error TS2304: Cannot find name 'hasElementEffects'.
/Users/qingqing/Documents/code/basic-video-editor/packages/editor:
 ERR_PNPM_RECURSIVE_RUN_FIRST_FAIL  @basic-video-editor/editor@0.1.0 typecheck: `tsc --noEmit`
Exit status 2
