
> @basic-video-editor/editor@0.1.0 typecheck /Users/qingqing/Documents/code/basic-video-editor/packages/editor
> tsc --noEmit

src/actions/components/shortcuts-dialog.tsx(4,23): error TS2307: Cannot find module 'sonner' or its corresponding type declarations.
src/actions/keybindings/persistence.ts(2,10): error TS2724: '"@/actions/keybinding"' has no exported member named 'isShortcutKey'. Did you mean 'ShortcutKey'?
src/actions/keybindings/persistence.ts(4,10): error TS2724: '"@/actions"' has no exported member named 'isActionWithOptionalArgs'. Did you mean 'TActionWithOptionalArgs'?
src/actions/keybindings/persistence.ts(67,19): error TS2345: Argument of type 'string' is not assignable to parameter of type 'ShortcutKey'.
src/actions/keybindings/persistence.ts(116,14): error TS2345: Argument of type 'string' is not assignable to parameter of type 'ShortcutKey'.
src/commands/media/add-media-asset.ts(3,23): error TS2307: Cannot find module 'sonner' or its corresponding type declarations.
src/commands/timeline/track/add-track.ts(113,39): error TS2769: No overload matches this call.
  The last overload gave the following error.
    Type '"graphic"' is not assignable to type 'TrackType'.
src/commands/timeline/track/add-track.ts(114,39): error TS2769: No overload matches this call.
  The last overload gave the following error.
    Type '"effect"' is not assignable to type 'TrackType'.
src/components/editor/editor-header.tsx(12,18): error TS2307: Cannot find module 'next/link' or its corresponding type declarations.
src/components/editor/editor-header.tsx(15,27): error TS2307: Cannot find module 'next/navigation' or its corresponding type declarations.
src/components/editor/editor-header.tsx(16,27): error TS2307: Cannot find module 'react-icons/fa6' or its corresponding type declarations.
src/components/editor/editor-header.tsx(18,33): error TS2307: Cannot find module '@/feedback/components/feedback-popover' or its corresponding type declarations.
src/components/editor/editor-header.tsx(20,34): error TS2307: Cannot find module '@/site/brand' or its corresponding type declarations.
src/components/editor/editor-header.tsx(21,30): error TS2307: Cannot find module '@/site/social' or its corresponding type declarations.
src/components/editor/editor-header.tsx(22,23): error TS2307: Cannot find module 'sonner' or its corresponding type declarations.
src/components/editor/editor-header.tsx(27,19): error TS2307: Cannot find module 'next/image' or its corresponding type declarations.
src/components/editor/export-button.tsx(63,19): error TS7006: Parameter 'open' implicitly has an 'any' type.
src/components/editor/export-button.tsx(177,29): error TS7006: Parameter 'value' implicitly has an 'any' type.
src/components/editor/export-button.tsx(206,29): error TS7006: Parameter 'value' implicitly has an 'any' type.
src/components/editor/panels/assets/draggable-item.tsx(233,6): error TS2559: Type '{ children: Element; }' has no properties in common with type 'IntrinsicAttributes & TooltipContentProps & RefAttributes<any>'.
src/components/editor/panels/assets/tabbar.tsx(73,9): error TS2322: Type '{ children: Element; side: string; align: string; variant: "sidebar"; sideOffset: number; }' is not assignable to type 'IntrinsicAttributes & TooltipContentProps & RefAttributes<any>'.
  Property 'children' does not exist on type 'IntrinsicAttributes & TooltipContentProps & RefAttributes<any>'.
src/components/editor/panels/assets/views/assets.tsx(3,19): error TS2307: Cannot find module 'next/image' or its corresponding type declarations.
src/components/editor/panels/assets/views/assets.tsx(9,23): error TS2307: Cannot find module 'sonner' or its corresponding type declarations.
src/components/editor/panels/assets/views/assets.tsx(546,7): error TS2559: Type '{ children: Element; }' has no properties in common with type 'IntrinsicAttributes & TooltipContentProps & RefAttributes<any>'.
src/components/editor/panels/assets/views/assets.tsx(599,7): error TS2559: Type '{ children: Element; }' has no properties in common with type 'IntrinsicAttributes & TooltipContentProps & RefAttributes<any>'.
src/components/editor/panels/assets/views/settings/background.tsx(21,38): error TS2307: Cannot find module '@/services/renderer/effect-preview' or its corresponding type declarations.
src/components/editor/panels/assets/views/settings/index.tsx(246,24): error TS7006: Parameter 'value' implicitly has an 'any' type.
src/components/editor/panels/properties/components/property-param-field.tsx(107,21): error TS7006: Parameter 'selected' implicitly has an 'any' type.
src/components/editor/panels/properties/hooks/use-keyframed-param-property.ts(5,2): error TS2305: Module '"@/animation"' has no exported member 'buildGraphicParamPath'.
src/components/editor/panels/properties/index.tsx(90,9): error TS2322: Type '{ children: string; side: string; }' is not assignable to type 'IntrinsicAttributes & TooltipContentProps & RefAttributes<any>'.
  Property 'children' does not exist on type 'IntrinsicAttributes & TooltipContentProps & RefAttributes<any>'.
src/components/editor/scenes-view.tsx(25,23): error TS2307: Cannot find module 'sonner' or its corresponding type declarations.
src/components/editor/scenes-view.tsx(96,5): error TS2559: Type '{ children: Element[]; }' has no properties in common with type 'IntrinsicAttributes & SheetContentProps & RefAttributes<any>'.
src/components/providers/editor-provider.tsx(4,27): error TS2307: Cannot find module 'next/navigation' or its corresponding type declarations.
src/components/theme-toggle.tsx(4,26): error TS2307: Cannot find module 'next-themes' or its corresponding type declarations.
src/components/ui/color-picker.tsx(281,22): error TS7006: Parameter 'event' implicitly has an 'any' type.
src/components/ui/color-picker.tsx(284,23): error TS7006: Parameter 'event' implicitly has an 'any' type.
src/components/ui/color-picker.tsx(287,24): error TS7006: Parameter 'event' implicitly has an 'any' type.
src/components/ui/color-picker.tsx(375,23): error TS7006: Parameter 'selectedFormat' implicitly has an 'any' type.
src/components/ui/context-menu.tsx(4,53): error TS2307: Cannot find module 'radix-ui' or its corresponding type declarations.
src/components/ui/dialog.tsx(4,43): error TS2307: Cannot find module 'radix-ui' or its corresponding type declarations.
src/components/ui/dialog.tsx(60,23): error TS7006: Parameter 'e' implicitly has an 'any' type.
src/components/ui/dropdown-menu.tsx(4,55): error TS2307: Cannot find module 'radix-ui' or its corresponding type declarations.
src/components/ui/dropdown-menu.tsx(102,23): error TS7006: Parameter 'e' implicitly has an 'any' type.
src/components/ui/dropdown-menu.tsx(191,14): error TS7006: Parameter 'e' implicitly has an 'any' type.
src/components/ui/font-picker.tsx(110,23): error TS7006: Parameter 'event' implicitly has an 'any' type.
src/components/ui/font-picker.tsx(114,24): error TS7006: Parameter 'event' implicitly has an 'any' type.
src/components/ui/popover.tsx(4,45): error TS2307: Cannot find module 'radix-ui' or its corresponding type declarations.
src/components/ui/radio-group.tsx(4,51): error TS2307: Cannot find module 'radix-ui' or its corresponding type declarations.
src/components/ui/select.tsx(4,43): error TS2307: Cannot find module 'radix-ui' or its corresponding type declarations.
src/components/ui/select.tsx(144,23): error TS7006: Parameter 'e' implicitly has an 'any' type.
src/components/ui/sheet.tsx(4,42): error TS2307: Cannot find module 'radix-ui' or its corresponding type declarations.
src/components/ui/sheet.tsx(75,22): error TS2339: Property 'className' does not exist on type 'SheetContentProps'.
src/components/ui/sheet.tsx(75,33): error TS2339: Property 'children' does not exist on type 'SheetContentProps'.
src/components/ui/sheet.tsx(81,22): error TS7006: Parameter 'e' implicitly has an 'any' type.
src/components/ui/tooltip.tsx(2,45): error TS2307: Cannot find module 'radix-ui' or its corresponding type declarations.
src/components/ui/tooltip.tsx(48,6): error TS2339: Property 'className' does not exist on type 'TooltipContentProps'.
src/components/ui/tooltip.tsx(48,17): error TS2339: Property 'sideOffset' does not exist on type 'TooltipContentProps'.
src/components/ui/tooltip.tsx(71,10): error TS2339: Property 'children' does not exist on type '{}'.
src/core/managers/media-manager.ts(2,23): error TS2307: Cannot find module 'sonner' or its corresponding type declarations.
src/core/managers/project-manager.ts(12,23): error TS2307: Cannot find module 'sonner' or its corresponding type declarations.
src/core/managers/project-manager.ts(26,8): error TS2307: Cannot find module '@/services/storage/migrations' or its corresponding type declarations.
src/guides/definitions/platforms.tsx(1,19): error TS2307: Cannot find module 'next/image' or its corresponding type declarations.
src/masks/components/masks-tab.tsx(276,9): error TS2322: Type '{ children: string; className: string; }' is not assignable to type 'IntrinsicAttributes & TooltipContentProps & RefAttributes<any>'.
  Property 'children' does not exist on type 'IntrinsicAttributes & TooltipContentProps & RefAttributes<any>'.
src/masks/components/masks-tab.tsx(622,24): error TS7006: Parameter 'value' implicitly has an 'any' type.
src/media/processing.ts(1,23): error TS2307: Cannot find module 'sonner' or its corresponding type declarations.
src/media/upload-toast.ts(1,23): error TS2307: Cannot find module 'sonner' or its corresponding type declarations.
src/media/upload-toast.ts(33,15): error TS7031: Binding element 'uploadedCount' implicitly has an 'any' type.
src/media/upload-toast.ts(33,30): error TS7031: Binding element 'assetNames' implicitly has an 'any' type.
src/media/use-file-upload.ts(31,3): error TS2322: Type 'boolean | undefined' is not assignable to type 'boolean'.
  Type 'undefined' is not assignable to type 'boolean'.
src/preview/components/context-menu.tsx(12,23): error TS2307: Cannot find module 'sonner' or its corresponding type declarations.
src/preview/components/context-menu.tsx(73,24): error TS7006: Parameter 'checked' implicitly has an 'any' type.
src/project/components/delete-project-dialog.tsx(32,23): error TS7006: Parameter 'event' implicitly has an 'any' type.
src/project/components/project-info-dialog.tsx(46,37): error TS7006: Parameter 'event' implicitly has an 'any' type.
src/react/editor-layout.tsx(3,27): error TS2307: Cannot find module 'next/navigation' or its corresponding type declarations.
src/react/editor-layout.tsx(15,28): error TS2307: Cannot find module '@/components/editor/onboarding' or its corresponding type declarations.
src/react/editor-layout.tsx(16,33): error TS2307: Cannot find module '@/project/components/migration-dialog' or its corresponding type declarations.
src/react/editor-layout.tsx(19,28): error TS2307: Cannot find module '@/components/editor/mobile-gate' or its corresponding type declarations.
src/react/editor-layout.tsx(25,39): error TS2307: Cannot find module '@/changelog/components/changelog-notification' or its corresponding type declarations.
src/services/renderer/compositor/frame-descriptor.ts(244,35): error TS2339: Property 'effectPasses' does not exist on type 'ResolvedVisualSourceNodeState'.
src/services/renderer/compositor/frame-descriptor.ts(295,35): error TS2339: Property 'effectPasses' does not exist on type 'ResolvedTextNodeState'.
src/services/storage/components/storage-persistence-dialog.tsx(18,44): error TS7006: Parameter 'open' implicitly has an 'any' type.
src/services/storage/service.ts(19,63): error TS2307: Cannot find module '@/sounds/types' or its corresponding type declarations.
src/services/storage/service.ts(23,8): error TS2307: Cannot find module '@/services/storage/migrations' or its corresponding type declarations.
src/services/storage/service.ts(489,40): error TS7006: Parameter 'sound' implicitly has an 'any' type.
src/services/storage/service.ts(506,36): error TS7006: Parameter 'sound' implicitly has an 'any' type.
src/subtitles/components/assets-view.tsx(21,38): error TS2307: Cannot find module '@/services/transcription/service' or its corresponding type declarations.
src/subtitles/components/assets-view.tsx(259,11): error TS2559: Type '{ children: string; }' has no properties in common with type 'IntrinsicAttributes & TooltipContentProps & RefAttributes<any>'.
src/subtitles/components/assets-view.tsx(295,25): error TS7006: Parameter 'value' implicitly has an 'any' type.
src/timeline/animation-targets.ts(108,21): error TS2304: Cannot find name 'getGraphicDefinition'.
src/timeline/animation-targets.ts(109,25): error TS2339: Property 'definitionId' does not exist on type 'TimelineElement'.
  Property 'definitionId' does not exist on type 'TextElement'.
src/timeline/animation-targets.ts(111,40): error TS7006: Parameter 'candidate' implicitly has an 'any' type.
src/timeline/animation-targets.ts(139,25): error TS2339: Property 'effects' does not exist on type 'VisualElement'.
  Property 'effects' does not exist on type 'TextElement'.
src/timeline/animation-targets.ts(139,40): error TS7006: Parameter 'candidate' implicitly has an 'any' type.
src/timeline/animation-targets.ts(143,21): error TS2304: Cannot find name 'effectsRegistry'.
src/timeline/animation-targets.ts(144,40): error TS7006: Parameter 'candidate' implicitly has an 'any' type.
src/timeline/animation-targets.ts(173,29): error TS2304: Cannot find name 'parseGraphicParamPath'.
src/timeline/animation-targets.ts(181,28): error TS2304: Cannot find name 'parseEffectParamPath'.
src/timeline/bookmarks/components/bookmarks.tsx(276,23): error TS7006: Parameter 'event' implicitly has an 'any' type.
src/timeline/components/graph-editor/popover.tsx(78,19): error TS7006: Parameter 'nextOpen' implicitly has an 'any' type.
src/timeline/components/timeline-element.tsx(20,2): error TS2305: Module '"@/timeline"' has no exported member 'hasElementEffects'.
src/timeline/components/timeline-element.tsx(61,19): error TS2307: Cannot find module 'next/image' or its corresponding type declarations.
src/timeline/components/timeline-element.tsx(927,59): error TS2339: Property 'name' does not exist on type 'never'.
src/timeline/components/timeline-element.tsx(940,10): error TS2304: Cannot find name 'resolveStickerId'.
src/timeline/components/timeline-element.tsx(941,25): error TS2339: Property 'stickerId' does not exist on type 'never'.
src/timeline/components/timeline-element.tsx(944,18): error TS2339: Property 'name' does not exist on type 'never'.
src/timeline/components/timeline-element.tsx(950,59): error TS2339: Property 'name' does not exist on type 'never'.
src/timeline/components/timeline-element.tsx(963,10): error TS2304: Cannot find name 'buildGraphicPreviewUrl'.
src/timeline/components/timeline-element.tsx(964,28): error TS2339: Property 'definitionId' does not exist on type 'never'.
src/timeline/components/timeline-element.tsx(965,22): error TS2339: Property 'params' does not exist on type 'never'.
src/timeline/components/timeline-element.tsx(968,18): error TS2339: Property 'name' does not exist on type 'never'.
src/timeline/components/timeline-element.tsx(974,59): error TS2339: Property 'name' does not exist on type 'never'.
src/timeline/components/timeline-toolbar.tsx(373,5): error TS2559: Type '{ children: string; }' has no properties in common with type 'IntrinsicAttributes & TooltipContentProps & RefAttributes<any>'.
src/timeline/controllers/drag-drop-controller.ts(12,2): error TS2305: Module '"@/timeline/element-utils"' has no exported member 'buildGraphicElement'.
src/timeline/controllers/drag-drop-controller.ts(13,2): error TS2724: '"@/timeline/element-utils"' has no exported member named 'buildStickerElement'. Did you mean 'buildTextElement'?
src/timeline/controllers/drag-drop-controller.ts(15,2): error TS2724: '"@/timeline/element-utils"' has no exported member named 'buildEffectElement'. Did you mean 'buildTextElement'?
src/timeline/controllers/drag-drop-controller.ts(89,5): error TS2366: Function lacks ending return statement and return type does not include 'undefined'.
src/timeline/controllers/drag-drop-controller.ts(393,42): error TS2322: Type '"graphic"' is not assignable to type 'TrackType'.
src/timeline/controllers/drag-drop-controller.ts(409,42): error TS2322: Type '"graphic"' is not assignable to type 'TrackType'.
src/timeline/hooks/use-timeline-drag-drop.ts(39,44): error TS2339: Property 'addClipEffect' does not exist on type 'TimelineManager'.
src/timeline/placement/insert-index.ts(14,6): error TS2367: This comparison appears to be unintentional because the types '"video" | "text"' and '"effect"' have no overlap.
/Users/qingqing/Documents/code/basic-video-editor/packages/editor:
 ERR_PNPM_RECURSIVE_RUN_FIRST_FAIL  @basic-video-editor/editor@0.1.0 typecheck: `tsc --noEmit`
Exit status 2
