
> @basic-video-editor/editor@0.1.0 typecheck /Users/qingqing/Documents/code/basic-video-editor/packages/editor
> tsc --noEmit

src/actions/keybindings/migrations/v2-to-v3.ts(1,46): error TS2307: Cannot find module '../persisted-state' or its corresponding type declarations.
src/actions/keybindings/migrations/v2-to-v3.ts(15,42): error TS2538: Type '{}' cannot be used as an index type.
src/actions/keybindings/migrations/v3-to-v4.ts(1,46): error TS2307: Cannot find module '../persisted-state' or its corresponding type declarations.
src/actions/keybindings/migrations/v3-to-v4.ts(13,42): error TS2538: Type '{}' cannot be used as an index type.
src/actions/keybindings/migrations/v4-to-v5.ts(1,46): error TS2307: Cannot find module '../persisted-state' or its corresponding type declarations.
src/actions/keybindings/migrations/v5-to-v6.ts(1,46): error TS2307: Cannot find module '../persisted-state' or its corresponding type declarations.
src/actions/keybindings/migrations/v6-to-v7.ts(1,46): error TS2307: Cannot find module '../persisted-state' or its corresponding type declarations.
src/components/editor/editor-header.tsx(12,18): error TS2307: Cannot find module 'next/link' or its corresponding type declarations.
src/components/editor/editor-header.tsx(15,27): error TS2307: Cannot find module 'next/navigation' or its corresponding type declarations.
src/components/editor/editor-header.tsx(16,27): error TS2307: Cannot find module 'react-icons/fa6' or its corresponding type declarations.
src/components/editor/editor-header.tsx(18,33): error TS2307: Cannot find module '@/feedback/components/feedback-popover' or its corresponding type declarations.
src/components/editor/editor-header.tsx(20,34): error TS2307: Cannot find module '@/site/brand' or its corresponding type declarations.
src/components/editor/editor-header.tsx(21,30): error TS2307: Cannot find module '@/site/social' or its corresponding type declarations.
src/components/editor/editor-header.tsx(27,19): error TS2307: Cannot find module 'next/image' or its corresponding type declarations.
src/components/editor/panels/assets/views/assets.tsx(3,19): error TS2307: Cannot find module 'next/image' or its corresponding type declarations.
src/components/providers/editor-provider.tsx(4,27): error TS2307: Cannot find module 'next/navigation' or its corresponding type declarations.
src/components/providers/editor-provider.tsx(12,10): error TS2724: '"@/fonts/local-fonts"' has no exported member named 'loadFontAtlas'. Did you mean 'loadFonts'?
src/guides/definitions/platforms.tsx(1,19): error TS2307: Cannot find module 'next/image' or its corresponding type declarations.
src/media/use-file-upload.ts(31,3): error TS2322: Type 'boolean | undefined' is not assignable to type 'boolean'.
  Type 'undefined' is not assignable to type 'boolean'.
src/react/editor-layout.tsx(3,27): error TS2307: Cannot find module 'next/navigation' or its corresponding type declarations.
src/react/editor-layout.tsx(15,28): error TS2307: Cannot find module '@/components/editor/onboarding' or its corresponding type declarations.
src/react/editor-layout.tsx(16,33): error TS2307: Cannot find module '@/project/components/migration-dialog' or its corresponding type declarations.
src/react/editor-layout.tsx(19,28): error TS2307: Cannot find module '@/components/editor/mobile-gate' or its corresponding type declarations.
src/react/editor-layout.tsx(25,39): error TS2307: Cannot find module '@/changelog/components/changelog-notification' or its corresponding type declarations.
src/services/renderer/gpu-renderer.ts(2,2): error TS2305: Module '"opencut-wasm"' has no exported member 'applyBlurPasses'.
src/services/renderer/nodes/blur-background-node.ts(1,39): error TS2305: Module '"@/services/renderer/blur/types"' has no exported member 'BlurUniformValue'.
src/services/renderer/nodes/text-node.ts(3,39): error TS2305: Module '"@/services/renderer/blur/types"' has no exported member 'BlurUniformValue'.
src/timeline/components/timeline-element.tsx(60,19): error TS2307: Cannot find module 'next/image' or its corresponding type declarations.
src/timeline/components/timeline-element.tsx(1060,6): error TS2304: Cannot find name 'hasElementEffects'.
/Users/qingqing/Documents/code/basic-video-editor/packages/editor:
 ERR_PNPM_RECURSIVE_RUN_FIRST_FAIL  @basic-video-editor/editor@0.1.0 typecheck: `tsc --noEmit`
Exit status 2
