
> @basic-video-editor/editor@0.1.0 typecheck /Users/qingqing/Documents/code/basic-video-editor/packages/editor
> tsc --noEmit

src/actions/components/shortcuts-dialog.tsx(4,23): error TS2307: Cannot find module 'sonner' or its corresponding type declarations.
src/actions/keybindings/persistence.ts(2,10): error TS2724: '"@/actions/keybinding"' has no exported member named 'isShortcutKey'. Did you mean 'ShortcutKey'?
src/actions/keybindings/persistence.ts(4,10): error TS2724: '"@/actions"' has no exported member named 'isActionWithOptionalArgs'. Did you mean 'TActionWithOptionalArgs'?
src/actions/keybindings/persistence.ts(67,19): error TS2345: Argument of type 'string' is not assignable to parameter of type 'ShortcutKey'.
src/actions/keybindings/persistence.ts(116,14): error TS2345: Argument of type 'string' is not assignable to parameter of type 'ShortcutKey'.
src/animation/index.ts(51,8): error TS2307: Cannot find module './graphic-param-channel' or its corresponding type declarations.
src/animation/index.ts(59,8): error TS2307: Cannot find module './effect-param-channel' or its corresponding type declarations.
src/animation/path.ts(3,35): error TS2307: Cannot find module './effect-param-channel' or its corresponding type declarations.
src/animation/path.ts(4,36): error TS2307: Cannot find module './graphic-param-channel' or its corresponding type declarations.
src/commands/media/add-media-asset.ts(3,23): error TS2307: Cannot find module 'sonner' or its corresponding type declarations.
src/commands/timeline/element/index.ts(10,15): error TS2307: Cannot find module './effects' or its corresponding type declarations.
src/commands/timeline/element/insert-element.ts(175,7): error TS2367: This comparison appears to be unintentional because the types '"audio" | "video" | "text" | "image"' and '"sticker"' have no overlap.
src/commands/timeline/element/insert-element.ts(175,46): error TS2339: Property 'stickerId' does not exist on type 'never'.
src/commands/timeline/element/insert-element.ts(180,7): error TS2367: This comparison appears to be unintentional because the types '"audio" | "video" | "text" | "image"' and '"graphic"' have no overlap.
src/commands/timeline/element/insert-element.ts(181,4): error TS2304: Cannot find name 'registerDefaultGraphics'.
src/commands/timeline/element/insert-element.ts(183,14): error TS2339: Property 'definitionId' does not exist on type 'never'.
src/commands/timeline/element/insert-element.ts(184,6): error TS2304: Cannot find name 'graphicsRegistry'.
src/commands/timeline/element/insert-element.ts(184,35): error TS2339: Property 'definitionId' does not exist on type 'never'.
src/commands/timeline/element/insert-element.ts(196,7): error TS2367: This comparison appears to be unintentional because the types '"audio" | "video" | "text" | "image"' and '"effect"' have no overlap.
src/commands/timeline/element/insert-element.ts(196,45): error TS2339: Property 'effectType' does not exist on type 'never'.
src/commands/timeline/element/keyframes/index.ts(1,15): error TS2307: Cannot find module './remove-effect-param-keyframe' or its corresponding type declarations.
src/commands/timeline/element/keyframes/index.ts(5,15): error TS2307: Cannot find module './upsert-effect-param-keyframe' or its corresponding type declarations.
src/components/editor/editor-header.tsx(12,18): error TS2307: Cannot find module 'next/link' or its corresponding type declarations.
src/components/editor/editor-header.tsx(15,27): error TS2307: Cannot find module 'next/navigation' or its corresponding type declarations.
src/components/editor/editor-header.tsx(16,27): error TS2307: Cannot find module 'react-icons/fa6' or its corresponding type declarations.
src/components/editor/editor-header.tsx(18,33): error TS2307: Cannot find module '@/feedback/components/feedback-popover' or its corresponding type declarations.
src/components/editor/editor-header.tsx(20,34): error TS2307: Cannot find module '@/site/brand' or its corresponding type declarations.
src/components/editor/editor-header.tsx(21,30): error TS2307: Cannot find module '@/site/social' or its corresponding type declarations.
src/components/editor/editor-header.tsx(22,23): error TS2307: Cannot find module 'sonner' or its corresponding type declarations.
src/components/editor/editor-header.tsx(27,19): error TS2307: Cannot find module 'next/image' or its corresponding type declarations.
src/components/editor/export-button.tsx(63,19): error TS7006: Parameter 'open' implicitly has an 'any' type.
src/components/editor/export-button.tsx(177,29): error TS7006: Parameter 'value' implicitly has an 'any' type.
src/components/editor/export-button.tsx(206,29): error TS7006: Parameter 'value' implicitly has an 'any' type.
src/components/editor/export-button.tsx(243,32): error TS7006: Parameter 'checked' implicitly has an 'any' type.
src/components/editor/panels/assets/assets-panel-store.tsx(71,3): error TS1360: Type '{ media: { icon: ({ className }: { className?: string; }) => JSX.Element; label: string; }; sounds: { icon: ({ className }: { className?: string; }) => JSX.Element; label: string; }; text: { icon: ({ className }: { className?: string; }) => JSX.Element; label: string; }; ... 4 more ...; settings: { ...; }; }' does not satisfy the expected type 'Record<"text" | "media" | "settings" | "effects" | "sounds" | "stickers" | "transitions" | "captions" | "adjustment", { icon: ElementType<{ className?: string | undefined; }>; label: string; }>'.
  Property 'effects' is missing in type '{ media: { icon: ({ className }: { className?: string; }) => JSX.Element; label: string; }; sounds: { icon: ({ className }: { className?: string; }) => JSX.Element; label: string; }; text: { icon: ({ className }: { className?: string; }) => JSX.Element; label: string; }; ... 4 more ...; settings: { ...; }; }' but required in type 'Record<"text" | "media" | "settings" | "effects" | "sounds" | "stickers" | "transitions" | "captions" | "adjustment", { icon: ElementType<{ className?: string | undefined; }>; label: string; }>'.
src/components/editor/panels/assets/draggable-item.tsx(233,6): error TS2559: Type '{ children: Element; }' has no properties in common with type 'IntrinsicAttributes & TooltipContentProps & RefAttributes<any>'.
src/components/editor/panels/assets/index.tsx(9,28): error TS2307: Cannot find module '@/sounds/components/assets-view' or its corresponding type declarations.
src/components/editor/panels/assets/index.tsx(15,8): error TS2741: Property 'effects' is missing in type '{ media: JSX.Element; sounds: JSX.Element; text: JSX.Element; stickers: JSX.Element; transitions: JSX.Element; captions: JSX.Element; adjustment: JSX.Element; settings: JSX.Element; }' but required in type 'Record<"text" | "media" | "settings" | "effects" | "sounds" | "stickers" | "transitions" | "captions" | "adjustment", ReactNode>'.
src/components/editor/panels/assets/index.tsx(19,14): error TS2304: Cannot find name 'StickersView'.
src/components/editor/panels/assets/tabbar.tsx(55,18): error TS7053: Element implicitly has an 'any' type because expression of type '"text" | "media" | "settings" | "effects" | "sounds" | "stickers" | "transitions" | "captions" | "adjustment"' can't be used to index type '{ media: { icon: ({ className }: { className?: string | undefined; }) => Element; label: string; }; sounds: { icon: ({ className }: { className?: string | undefined; }) => Element; label: string; }; ... 5 more ...; settings: { ...; }; }'.
  Property 'effects' does not exist on type '{ media: { icon: ({ className }: { className?: string | undefined; }) => Element; label: string; }; sounds: { icon: ({ className }: { className?: string | undefined; }) => Element; label: string; }; ... 5 more ...; settings: { ...; }; }'.
src/components/editor/panels/assets/tabbar.tsx(73,9): error TS2322: Type '{ children: Element; side: string; align: string; variant: "sidebar"; sideOffset: number; }' is not assignable to type 'IntrinsicAttributes & TooltipContentProps & RefAttributes<any>'.
  Property 'children' does not exist on type 'IntrinsicAttributes & TooltipContentProps & RefAttributes<any>'.
src/components/editor/panels/assets/views/assets.tsx(3,19): error TS2307: Cannot find module 'next/image' or its corresponding type declarations.
src/components/editor/panels/assets/views/assets.tsx(9,23): error TS2307: Cannot find module 'sonner' or its corresponding type declarations.
src/components/editor/panels/assets/views/assets.tsx(546,7): error TS2559: Type '{ children: Element; }' has no properties in common with type 'IntrinsicAttributes & TooltipContentProps & RefAttributes<any>'.
src/components/editor/panels/assets/views/assets.tsx(599,7): error TS2559: Type '{ children: Element; }' has no properties in common with type 'IntrinsicAttributes & TooltipContentProps & RefAttributes<any>'.
src/components/editor/panels/assets/views/settings/background.tsx(21,38): error TS2307: Cannot find module '@/services/renderer/effect-preview' or its corresponding type declarations.
src/components/editor/panels/assets/views/settings/index.tsx(218,22): error TS7006: Parameter 'value' implicitly has an 'any' type.
src/components/editor/panels/assets/views/settings/index.tsx(246,24): error TS7006: Parameter 'value' implicitly has an 'any' type.
src/components/editor/panels/properties/components/property-param-field.tsx(95,23): error TS7006: Parameter 'checked' implicitly has an 'any' type.
src/components/editor/panels/properties/components/property-param-field.tsx(107,21): error TS7006: Parameter 'selected' implicitly has an 'any' type.
src/components/editor/panels/properties/index.tsx(90,9): error TS2322: Type '{ children: string; side: string; }' is not assignable to type 'IntrinsicAttributes & TooltipContentProps & RefAttributes<any>'.
  Property 'children' does not exist on type 'IntrinsicAttributes & TooltipContentProps & RefAttributes<any>'.
src/components/editor/scenes-view.tsx(25,23): error TS2307: Cannot find module 'sonner' or its corresponding type declarations.
src/components/editor/scenes-view.tsx(96,5): error TS2559: Type '{ children: Element[]; }' has no properties in common with type 'IntrinsicAttributes & SheetContentProps & RefAttributes<any>'.
src/components/providers/editor-provider.tsx(4,27): error TS2307: Cannot find module 'next/navigation' or its corresponding type declarations.
src/components/theme-toggle.tsx(4,26): error TS2307: Cannot find module 'next-themes' or its corresponding type declarations.
src/components/ui/accordion.tsx(4,49): error TS2307: Cannot find module 'radix-ui' or its corresponding type declarations.
src/components/ui/alert-dialog.tsx(4,53): error TS2307: Cannot find module 'radix-ui' or its corresponding type declarations.
src/components/ui/aspect-ratio.tsx(3,53): error TS2307: Cannot find module 'radix-ui' or its corresponding type declarations.
src/components/ui/avatar.tsx(4,43): error TS2307: Cannot find module 'radix-ui' or its corresponding type declarations.
src/components/ui/breadcrumb.tsx(2,22): error TS2307: Cannot find module 'radix-ui' or its corresponding type declarations.
src/components/ui/button.tsx(2,39): error TS2307: Cannot find module 'radix-ui' or its corresponding type declarations.
src/components/ui/calendar.tsx(5,27): error TS2307: Cannot find module 'react-day-picker' or its corresponding type declarations.
src/components/ui/checkbox.tsx(4,47): error TS2307: Cannot find module 'radix-ui' or its corresponding type declarations.
src/components/ui/collapsible.tsx(3,53): error TS2307: Cannot find module 'radix-ui' or its corresponding type declarations.
src/components/ui/color-picker.tsx(281,22): error TS7006: Parameter 'event' implicitly has an 'any' type.
src/components/ui/color-picker.tsx(284,23): error TS7006: Parameter 'event' implicitly has an 'any' type.
src/components/ui/color-picker.tsx(287,24): error TS7006: Parameter 'event' implicitly has an 'any' type.
src/components/ui/color-picker.tsx(375,23): error TS7006: Parameter 'selectedFormat' implicitly has an 'any' type.
src/components/ui/context-menu.tsx(4,53): error TS2307: Cannot find module 'radix-ui' or its corresponding type declarations.
src/components/ui/dialog.tsx(4,43): error TS2307: Cannot find module 'radix-ui' or its corresponding type declarations.
src/components/ui/dialog.tsx(60,23): error TS7006: Parameter 'e' implicitly has an 'any' type.
src/components/ui/dropdown-menu.tsx(4,55): error TS2307: Cannot find module 'radix-ui' or its corresponding type declarations.
src/components/ui/dropdown-menu.tsx(102,23): error TS7006: Parameter 'e' implicitly has an 'any' type.
src/components/ui/dropdown-menu.tsx(191,14): error TS7006: Parameter 'e' implicitly has an 'any' type.
src/components/ui/font-picker.tsx(110,23): error TS7006: Parameter 'event' implicitly has an 'any' type.
src/components/ui/font-picker.tsx(114,24): error TS7006: Parameter 'event' implicitly has an 'any' type.
src/components/ui/form.tsx(4,69): error TS2307: Cannot find module 'radix-ui' or its corresponding type declarations.
src/components/ui/form.tsx(15,8): error TS2307: Cannot find module 'react-hook-form' or its corresponding type declarations.
src/components/ui/form.tsx(71,31): error TS7006: Parameter 'values' implicitly has an 'any' type.
src/components/ui/hover-card.tsx(4,49): error TS2307: Cannot find module 'radix-ui' or its corresponding type declarations.
src/components/ui/label.tsx(4,41): error TS2307: Cannot find module 'radix-ui' or its corresponding type declarations.
src/components/ui/menubar.tsx(4,45): error TS2307: Cannot find module 'radix-ui' or its corresponding type declarations.
src/components/ui/navigation-menu.tsx(2,59): error TS2307: Cannot find module 'radix-ui' or its corresponding type declarations.
src/components/ui/popover.tsx(4,45): error TS2307: Cannot find module 'radix-ui' or its corresponding type declarations.
src/components/ui/progress.tsx(4,47): error TS2307: Cannot find module 'radix-ui' or its corresponding type declarations.
src/components/ui/prose.tsx(2,25): error TS2307: Cannot find module 'rehype-parse' or its corresponding type declarations.
src/components/ui/prose.tsx(3,25): error TS2307: Cannot find module 'unified' or its corresponding type declarations.
src/components/ui/radio-group.tsx(4,51): error TS2307: Cannot find module 'radix-ui' or its corresponding type declarations.
src/components/ui/react-markdown-wrapper.tsx(1,27): error TS2307: Cannot find module 'react-markdown' or its corresponding type declarations.
src/components/ui/react-markdown-wrapper.tsx(14,22): error TS7031: Binding element 'linkClassName' implicitly has an 'any' type.
src/components/ui/react-markdown-wrapper.tsx(14,37): error TS7031: Binding element 'children' implicitly has an 'any' type.
src/components/ui/react-markdown-wrapper.tsx(24,16): error TS7031: Binding element 'children' implicitly has an 'any' type.
src/components/ui/react-markdown-wrapper.tsx(27,25): error TS7031: Binding element 'codeClassName' implicitly has an 'any' type.
src/components/ui/react-markdown-wrapper.tsx(27,40): error TS7031: Binding element 'children' implicitly has an 'any' type.
src/components/ui/react-markdown-wrapper.tsx(38,22): error TS7031: Binding element 'paragraphClassName' implicitly has an 'any' type.
src/components/ui/react-markdown-wrapper.tsx(38,42): error TS7031: Binding element 'children' implicitly has an 'any' type.
src/components/ui/select.tsx(4,43): error TS2307: Cannot find module 'radix-ui' or its corresponding type declarations.
src/components/ui/select.tsx(144,23): error TS7006: Parameter 'e' implicitly has an 'any' type.
src/components/ui/separator.tsx(4,37): error TS2307: Cannot find module '@radix-ui/react-separator' or its corresponding type declarations.
src/components/ui/sheet.tsx(4,42): error TS2307: Cannot find module 'radix-ui' or its corresponding type declarations.
src/components/ui/sheet.tsx(75,22): error TS2339: Property 'className' does not exist on type 'SheetContentProps'.
src/components/ui/sheet.tsx(75,33): error TS2339: Property 'children' does not exist on type 'SheetContentProps'.
src/components/ui/sheet.tsx(81,22): error TS7006: Parameter 'e' implicitly has an 'any' type.
src/components/ui/slider.tsx(4,43): error TS2307: Cannot find module 'radix-ui' or its corresponding type declarations.
src/components/ui/sonner.tsx(3,26): error TS2307: Cannot find module 'next-themes' or its corresponding type declarations.
src/components/ui/sonner.tsx(4,35): error TS2307: Cannot find module 'sonner' or its corresponding type declarations.
src/components/ui/switch.tsx(4,44): error TS2307: Cannot find module 'radix-ui' or its corresponding type declarations.
src/components/ui/tabs.tsx(4,39): error TS2307: Cannot find module 'radix-ui' or its corresponding type declarations.
src/components/ui/toast.tsx(4,42): error TS2307: Cannot find module 'radix-ui' or its corresponding type declarations.
src/components/ui/toggle-group.tsx(4,53): error TS2307: Cannot find module 'radix-ui' or its corresponding type declarations.
src/components/ui/toggle.tsx(4,43): error TS2307: Cannot find module 'radix-ui' or its corresponding type declarations.
src/components/ui/tooltip.tsx(2,45): error TS2307: Cannot find module 'radix-ui' or its corresponding type declarations.
src/components/ui/tooltip.tsx(48,6): error TS2339: Property 'className' does not exist on type 'TooltipContentProps'.
src/components/ui/tooltip.tsx(48,17): error TS2339: Property 'sideOffset' does not exist on type 'TooltipContentProps'.
src/components/ui/tooltip.tsx(71,10): error TS2339: Property 'children' does not exist on type '{}'.
src/core/index.ts(32,3): error TS2304: Cannot find name 'registerDefaultEffects'.
src/core/managers/media-manager.ts(2,23): error TS2307: Cannot find module 'sonner' or its corresponding type declarations.
src/core/managers/project-manager.ts(12,23): error TS2307: Cannot find module 'sonner' or its corresponding type declarations.
src/core/managers/project-manager.ts(26,8): error TS2307: Cannot find module '@/services/storage/migrations' or its corresponding type declarations.
src/core/managers/timeline-manager.ts(48,2): error TS2305: Module '"@/commands/timeline"' has no exported member 'AddClipEffectCommand'.
src/core/managers/timeline-manager.ts(51,2): error TS2305: Module '"@/commands/timeline"' has no exported member 'RemoveClipEffectCommand'.
src/core/managers/timeline-manager.ts(52,2): error TS2305: Module '"@/commands/timeline"' has no exported member 'UpdateClipEffectParamsCommand'.
src/core/managers/timeline-manager.ts(53,2): error TS2305: Module '"@/commands/timeline"' has no exported member 'ToggleClipEffectCommand'.
src/core/managers/timeline-manager.ts(54,2): error TS2305: Module '"@/commands/timeline"' has no exported member 'ReorderClipEffectsCommand'.
src/core/managers/timeline-manager.ts(57,2): error TS2305: Module '"@/commands/timeline"' has no exported member 'UpsertEffectParamKeyframeCommand'.
src/core/managers/timeline-manager.ts(58,2): error TS2305: Module '"@/commands/timeline"' has no exported member 'RemoveEffectParamKeyframeCommand'.
src/guides/definitions/platforms.tsx(1,19): error TS2307: Cannot find module 'next/image' or its corresponding type declarations.
src/masks/components/masks-tab.tsx(276,9): error TS2322: Type '{ children: string; className: string; }' is not assignable to type 'IntrinsicAttributes & TooltipContentProps & RefAttributes<any>'.
  Property 'children' does not exist on type 'IntrinsicAttributes & TooltipContentProps & RefAttributes<any>'.
src/masks/components/masks-tab.tsx(622,24): error TS7006: Parameter 'value' implicitly has an 'any' type.
src/media/processing.ts(1,23): error TS2307: Cannot find module 'sonner' or its corresponding type declarations.
src/media/upload-toast.ts(1,23): error TS2307: Cannot find module 'sonner' or its corresponding type declarations.
src/media/upload-toast.ts(33,15): error TS7031: Binding element 'uploadedCount' implicitly has an 'any' type.
src/media/upload-toast.ts(33,30): error TS7031: Binding element 'assetNames' implicitly has an 'any' type.
src/params/registry.ts(344,2): error TS2322: Type '"sticker"' is not assignable to type '"audio" | "video" | "text" | "image"'.
src/params/registry.ts(348,2): error TS2322: Type '"graphic"' is not assignable to type '"audio" | "video" | "text" | "image"'.
src/params/registry.ts(352,33): error TS2322: Type '"effect"' is not assignable to type '"audio" | "video" | "text" | "image"'.
src/preview/components/context-menu.tsx(12,23): error TS2307: Cannot find module 'sonner' or its corresponding type declarations.
src/preview/components/context-menu.tsx(73,24): error TS7006: Parameter 'checked' implicitly has an 'any' type.
src/preview/element-bounds.ts(118,34): error TS2367: This comparison appears to be unintentional because the types '"video" | "text" | "image"' and '"effect"' have no overlap.
src/preview/element-bounds.ts(140,6): error TS2367: This comparison appears to be unintentional because the types '"text"' and '"sticker"' have no overlap.
src/preview/element-bounds.ts(142,62): error TS2339: Property 'params' does not exist on type 'never'.
src/preview/element-bounds.ts(143,24): error TS2339: Property 'animations' does not exist on type 'never'.
src/preview/element-bounds.ts(149,25): error TS2339: Property 'intrinsicWidth' does not exist on type 'never'.
src/preview/element-bounds.ts(149,43): error TS2304: Cannot find name 'STICKER_INTRINSIC_SIZE_FALLBACK'.
src/preview/element-bounds.ts(150,26): error TS2339: Property 'intrinsicHeight' does not exist on type 'never'.
src/preview/element-bounds.ts(150,45): error TS2304: Cannot find name 'STICKER_INTRINSIC_SIZE_FALLBACK'.
src/preview/element-bounds.ts(155,6): error TS2367: This comparison appears to be unintentional because the types '"text"' and '"graphic"' have no overlap.
src/preview/element-bounds.ts(157,62): error TS2339: Property 'params' does not exist on type 'never'.
src/preview/element-bounds.ts(158,24): error TS2339: Property 'animations' does not exist on type 'never'.
src/preview/element-bounds.ts(164,17): error TS2304: Cannot find name 'DEFAULT_GRAPHIC_SOURCE_SIZE'.
src/preview/element-bounds.ts(165,18): error TS2304: Cannot find name 'DEFAULT_GRAPHIC_SOURCE_SIZE'.
src/project/components/delete-project-dialog.tsx(32,23): error TS7006: Parameter 'event' implicitly has an 'any' type.
src/project/components/project-info-dialog.tsx(46,37): error TS7006: Parameter 'event' implicitly has an 'any' type.
src/react/editor-layout.tsx(3,27): error TS2307: Cannot find module 'next/navigation' or its corresponding type declarations.
src/react/editor-layout.tsx(15,28): error TS2307: Cannot find module '@/components/editor/onboarding' or its corresponding type declarations.
src/react/editor-layout.tsx(16,33): error TS2307: Cannot find module '@/project/components/migration-dialog' or its corresponding type declarations.
src/react/editor-layout.tsx(19,28): error TS2307: Cannot find module '@/components/editor/mobile-gate' or its corresponding type declarations.
src/react/editor-layout.tsx(25,39): error TS2307: Cannot find module '@/changelog/components/changelog-notification' or its corresponding type declarations.
src/services/renderer/compositor/frame-descriptor.ts(9,33): error TS2307: Cannot find module '../nodes/effect-layer-node' or its corresponding type declarations.
src/services/renderer/compositor/frame-descriptor.ts(13,8): error TS2307: Cannot find module '../nodes/graphic-node' or its corresponding type declarations.
src/services/renderer/compositor/frame-descriptor.ts(16,29): error TS2307: Cannot find module '../nodes/sticker-node' or its corresponding type declarations.
src/services/renderer/compositor/frame-descriptor.ts(123,39): error TS2339: Property 'passes' does not exist on type '{}'.
src/services/renderer/compositor/frame-descriptor.ts(128,37): error TS2339: Property 'passes' does not exist on type '{}'.
src/services/renderer/compositor/frame-descriptor.ts(234,6): error TS2304: Cannot find name 'DEFAULT_GRAPHIC_SOURCE_SIZE'.
src/services/renderer/compositor/frame-descriptor.ts(238,6): error TS2304: Cannot find name 'DEFAULT_GRAPHIC_SOURCE_SIZE'.
src/services/renderer/nodes/visual-node.ts(23,16): error TS2304: Cannot find name 'EffectPass'.
src/services/renderer/resolve.ts(3,43): error TS2307: Cannot find module '@/animation/effect-param-channel' or its corresponding type declarations.
src/services/renderer/resolve.ts(27,8): error TS2307: Cannot find module './nodes/effect-layer-node' or its corresponding type declarations.
src/services/renderer/resolve.ts(31,8): error TS2307: Cannot find module './nodes/graphic-node' or its corresponding type declarations.
src/services/renderer/resolve.ts(33,48): error TS2307: Cannot find module './nodes/sticker-node' or its corresponding type declarations.
src/services/renderer/resolve.ts(94,2): error TS2339: Property 'effects' does not exist on type '{ animations: ElementAnimations | undefined; localTime: number; width: number; height: number; }'.
src/services/renderer/resolve.ts(104,5): error TS2304: Cannot find name 'EffectPass'.
src/services/renderer/resolve.ts(106,12): error TS7006: Parameter 'effect' implicitly has an 'any' type.
src/services/renderer/resolve.ts(107,9): error TS7006: Parameter 'effect' implicitly has an 'any' type.
src/services/renderer/resolve.ts(114,23): error TS2304: Cannot find name 'effectsRegistry'.
src/services/renderer/resolve.ts(115,11): error TS2304: Cannot find name 'resolveEffectPasses'.
src/services/renderer/resolve.ts(291,16): error TS2304: Cannot find name 'DEFAULT_GRAPHIC_SOURCE_SIZE'.
src/services/renderer/resolve.ts(292,17): error TS2304: Cannot find name 'DEFAULT_GRAPHIC_SOURCE_SIZE'.
src/services/renderer/resolve.ts(300,19): error TS2304: Cannot find name 'resolveGraphicElementParamsAtTime'.
src/services/renderer/resolve.ts(456,21): error TS2304: Cannot find name 'effectsRegistry'.
src/services/renderer/resolve.ts(457,17): error TS2304: Cannot find name 'resolveEffectPasses'.
src/services/renderer/scene-builder.ts(7,29): error TS2307: Cannot find module './nodes/sticker-node' or its corresponding type declarations.
src/services/renderer/scene-builder.ts(8,29): error TS2307: Cannot find module './nodes/graphic-node' or its corresponding type declarations.
src/services/renderer/scene-builder.ts(11,33): error TS2307: Cannot find module './nodes/effect-layer-node' or its corresponding type declarations.
src/services/renderer/scene-builder.ts(50,8): error TS2367: This comparison appears to be unintentional because the types '"audio" | "video" | "text" | "image"' and '"effect"' have no overlap.
src/services/renderer/scene-builder.ts(53,27): error TS2339: Property 'effectType' does not exist on type 'never'.
src/services/renderer/scene-builder.ts(54,29): error TS2339: Property 'params' does not exist on type 'never'.
src/services/renderer/scene-builder.ts(55,27): error TS2339: Property 'startTime' does not exist on type 'never'.
src/services/renderer/scene-builder.ts(56,25): error TS2339: Property 'duration' does not exist on type 'never'.
src/services/renderer/scene-builder.ts(122,8): error TS2367: This comparison appears to be unintentional because the types '"audio" | "video" | "text" | "image"' and '"sticker"' have no overlap.
src/services/renderer/scene-builder.ts(125,26): error TS2339: Property 'stickerId' does not exist on type 'never'.
src/services/renderer/scene-builder.ts(126,31): error TS2339: Property 'intrinsicWidth' does not exist on type 'never'.
src/services/renderer/scene-builder.ts(127,32): error TS2339: Property 'intrinsicHeight' does not exist on type 'never'.
src/services/renderer/scene-builder.ts(128,25): error TS2339: Property 'duration' does not exist on type 'never'.
src/services/renderer/scene-builder.ts(129,27): error TS2339: Property 'startTime' does not exist on type 'never'.
src/services/renderer/scene-builder.ts(130,26): error TS2339: Property 'trimStart' does not exist on type 'never'.
src/services/renderer/scene-builder.ts(131,24): error TS2339: Property 'trimEnd' does not exist on type 'never'.
src/services/renderer/scene-builder.ts(132,61): error TS2339: Property 'params' does not exist on type 'never'.
src/services/renderer/scene-builder.ts(133,27): error TS2339: Property 'animations' does not exist on type 'never'.
src/services/renderer/scene-builder.ts(134,56): error TS2339: Property 'params' does not exist on type 'never'.
src/services/renderer/scene-builder.ts(135,60): error TS2339: Property 'params' does not exist on type 'never'.
src/services/renderer/scene-builder.ts(140,8): error TS2367: This comparison appears to be unintentional because the types '"audio" | "video" | "text" | "image"' and '"graphic"' have no overlap.
src/services/renderer/scene-builder.ts(143,29): error TS2339: Property 'definitionId' does not exist on type 'never'.
src/services/renderer/scene-builder.ts(144,23): error TS2339: Property 'params' does not exist on type 'never'.
src/services/renderer/scene-builder.ts(145,25): error TS2339: Property 'duration' does not exist on type 'never'.
src/services/renderer/scene-builder.ts(146,27): error TS2339: Property 'startTime' does not exist on type 'never'.
src/services/renderer/scene-builder.ts(147,26): error TS2339: Property 'trimStart' does not exist on type 'never'.
src/services/renderer/scene-builder.ts(148,24): error TS2339: Property 'trimEnd' does not exist on type 'never'.
src/services/renderer/scene-builder.ts(149,61): error TS2339: Property 'params' does not exist on type 'never'.
src/services/renderer/scene-builder.ts(150,27): error TS2339: Property 'animations' does not exist on type 'never'.
src/services/renderer/scene-builder.ts(151,56): error TS2339: Property 'params' does not exist on type 'never'.
src/services/renderer/scene-builder.ts(152,60): error TS2339: Property 'params' does not exist on type 'never'.
src/services/renderer/scene-builder.ts(153,22): error TS2339: Property 'masks' does not exist on type 'never'.
src/services/storage/components/storage-persistence-dialog.tsx(18,44): error TS7006: Parameter 'open' implicitly has an 'any' type.
src/services/storage/service.ts(19,63): error TS2307: Cannot find module '@/sounds/types' or its corresponding type declarations.
src/services/storage/service.ts(23,8): error TS2307: Cannot find module '@/services/storage/migrations' or its corresponding type declarations.
src/services/storage/service.ts(492,33): error TS7006: Parameter 'sound' implicitly has an 'any' type.
src/services/storage/service.ts(528,40): error TS7006: Parameter 'sound' implicitly has an 'any' type.
src/services/storage/service.ts(545,36): error TS7006: Parameter 'sound' implicitly has an 'any' type.
src/speed/components/speed-tab.tsx(147,26): error TS7006: Parameter 'checked' implicitly has an 'any' type.
src/subtitles/components/assets-view.tsx(21,38): error TS2307: Cannot find module '@/services/transcription/service' or its corresponding type declarations.
src/subtitles/components/assets-view.tsx(259,11): error TS2559: Type '{ children: string; }' has no properties in common with type 'IntrinsicAttributes & TooltipContentProps & RefAttributes<any>'.
src/subtitles/components/assets-view.tsx(295,25): error TS7006: Parameter 'value' implicitly has an 'any' type.
src/timeline/animation-targets.ts(8,8): error TS2307: Cannot find module '@/animation/effect-param-channel' or its corresponding type declarations.
src/timeline/animation-targets.ts(11,8): error TS2307: Cannot find module '@/animation/graphic-param-channel' or its corresponding type declarations.
src/timeline/animation-targets.ts(110,6): error TS2367: This comparison appears to be unintentional because the types '"audio" | "video" | "text" | "image"' and '"graphic"' have no overlap.
src/timeline/animation-targets.ts(114,21): error TS2304: Cannot find name 'getGraphicDefinition'.
src/timeline/animation-targets.ts(115,25): error TS2339: Property 'definitionId' does not exist on type 'never'.
src/timeline/animation-targets.ts(117,40): error TS7006: Parameter 'candidate' implicitly has an 'any' type.
src/timeline/animation-targets.ts(124,23): error TS2339: Property 'params' does not exist on type 'never'.
src/timeline/animation-targets.ts(126,4): error TS2698: Spread types may only be created from object types.
src/timeline/animation-targets.ts(145,25): error TS2339: Property 'effects' does not exist on type 'VisualElement'.
  Property 'effects' does not exist on type 'TextElement'.
src/timeline/animation-targets.ts(145,40): error TS7006: Parameter 'candidate' implicitly has an 'any' type.
src/timeline/animation-targets.ts(150,2): error TS2304: Cannot find name 'registerDefaultEffects'.
src/timeline/animation-targets.ts(151,21): error TS2304: Cannot find name 'effectsRegistry'.
src/timeline/animation-targets.ts(152,40): error TS7006: Parameter 'candidate' implicitly has an 'any' type.
src/timeline/bookmarks/components/bookmarks.tsx(276,23): error TS7006: Parameter 'event' implicitly has an 'any' type.
src/timeline/components/graph-editor/popover.tsx(78,19): error TS7006: Parameter 'nextOpen' implicitly has an 'any' type.
src/timeline/components/timeline-element.tsx(20,2): error TS2305: Module '"@/timeline"' has no exported member 'hasElementEffects'.
src/timeline/components/timeline-element.tsx(61,19): error TS2307: Cannot find module 'next/image' or its corresponding type declarations.
src/timeline/components/timeline-element.tsx(927,59): error TS2339: Property 'name' does not exist on type 'never'.
src/timeline/components/timeline-element.tsx(940,10): error TS2304: Cannot find name 'resolveStickerId'.
src/timeline/components/timeline-element.tsx(941,25): error TS2339: Property 'stickerId' does not exist on type 'never'.
src/timeline/components/timeline-element.tsx(944,18): error TS2339: Property 'name' does not exist on type 'never'.
src/timeline/components/timeline-element.tsx(950,59): error TS2339: Property 'name' does not exist on type 'never'.
src/timeline/components/timeline-element.tsx(963,10): error TS2304: Cannot find name 'buildGraphicPreviewUrl'.
src/timeline/components/timeline-element.tsx(964,28): error TS2339: Property 'definitionId' does not exist on type 'never'.
src/timeline/components/timeline-element.tsx(965,22): error TS2339: Property 'params' does not exist on type 'never'.
src/timeline/components/timeline-element.tsx(968,18): error TS2339: Property 'name' does not exist on type 'never'.
src/timeline/components/timeline-element.tsx(974,59): error TS2339: Property 'name' does not exist on type 'never'.
src/timeline/components/timeline-toolbar.tsx(314,22): error TS7006: Parameter 'values' implicitly has an 'any' type.
src/timeline/components/timeline-toolbar.tsx(373,5): error TS2559: Type '{ children: string; }' has no properties in common with type 'IntrinsicAttributes & TooltipContentProps & RefAttributes<any>'.
src/timeline/controllers/drag-drop-controller.ts(12,2): error TS2305: Module '"@/timeline/element-utils"' has no exported member 'buildGraphicElement'.
src/timeline/controllers/drag-drop-controller.ts(13,2): error TS2724: '"@/timeline/element-utils"' has no exported member named 'buildStickerElement'. Did you mean 'buildTextElement'?
src/timeline/controllers/drag-drop-controller.ts(15,2): error TS2724: '"@/timeline/element-utils"' has no exported member named 'buildEffectElement'. Did you mean 'buildTextElement'?
src/timeline/controllers/drag-drop-controller.ts(89,5): error TS2366: Function lacks ending return statement and return type does not include 'undefined'.
src/timeline/controllers/drag-drop-controller.ts(394,42): error TS2322: Type '"graphic"' is not assignable to type 'TrackType'.
src/timeline/controllers/drag-drop-controller.ts(410,42): error TS2322: Type '"graphic"' is not assignable to type 'TrackType'.
src/timeline/controllers/drag-drop-controller.ts(465,22): error TS2367: This comparison appears to be unintentional because the types '"audio" | "video" | "text"' and '"effect"' have no overlap.
src/timeline/controllers/drag-drop-controller.ts(469,65): error TS2339: Property 'id' does not exist on type 'never'.
src/timeline/controllers/drag-drop-controller.ts(475,42): error TS2322: Type '"effect"' is not assignable to type 'TrackType'.
src/timeline/placement/insert-index.ts(14,6): error TS2367: This comparison appears to be unintentional because the types '"video" | "text"' and '"effect"' have no overlap.
src/timeline/placement/track-factory.ts(37,17): error TS2394: This overload signature is not compatible with its implementation signature.
src/timeline/placement/track-factory.ts(45,5): error TS2304: Cannot find name 'GraphicTrack'.
src/timeline/placement/track-factory.ts(54,5): error TS2304: Cannot find name 'EffectTrack'.
/Users/qingqing/Documents/code/basic-video-editor/packages/editor:
 ERR_PNPM_RECURSIVE_RUN_FIRST_FAIL  @basic-video-editor/editor@0.1.0 typecheck: `tsc --noEmit`
Exit status 2
