$ next dev --turbopack --hostname "127.0.0.1" --port "5210"
Starting content-collections content-collections.ts
build started ...
... finished build of 1 collection and 0 documents in 2ms
start watching ...
▲ Next.js 16.1.3 (Turbopack)
- Local:         http://127.0.0.1:5210
- Network:       http://127.0.0.1:5210
- Environments: .env.local

✓ Starting...
✓ Ready in 2.9s
○ Compiling /projects ...
 GET /projects 200 in 4.0s (compile: 3.8s, render: 230ms)
 GET /editor/45b224c9-bcb7-4ca8-b213-f56162daab18 200 in 1892ms (compile: 1875ms, render: 17ms)
 GET /editor/45b224c9-bcb7-4ca8-b213-f56162daab18 200 in 246ms (compile: 8ms, render: 239ms)
Error searching sounds: TypeError: fetch failed
    at async checkRateLimit (src/auth/rate-limit.ts:19:22)
    at async GET (src/app/api/sounds/search/route.ts:152:23)
  17 | export async function checkRateLimit({ request }: { request: Request }) {
  18 | 	const ip = request.headers.get("x-forwarded-for") ?? "anonymous";
> 19 | 	const { success } = await baseRateLimit.limit(ip);
     | 	                    ^
  20 | 	return { success, limited: !success };
  21 | }
  22 | {
  [cause]: AggregateError: 
      at ignore-listed frames {
    code: 'ECONNREFUSED'
  }
}
 GET /api/sounds/search?page_size=50&sort=downloads 500 in 5.6s (compile: 1184ms, render: 4.4s)
 GET /editor/45b224c9-bcb7-4ca8-b213-f56162daab18 200 in 63ms (compile: 9ms, render: 54ms)
 GET /editor/45b224c9-bcb7-4ca8-b213-f56162daab18 200 in 121ms (compile: 54ms, render: 67ms)
Error searching sounds: TypeError: fetch failed
    at async checkRateLimit (src/auth/rate-limit.ts:19:22)
    at async GET (src/app/api/sounds/search/route.ts:152:23)
  17 | export async function checkRateLimit({ request }: { request: Request }) {
  18 | 	const ip = request.headers.get("x-forwarded-for") ?? "anonymous";
> 19 | 	const { success } = await baseRateLimit.limit(ip);
     | 	                    ^
  20 | 	return { success, limited: !success };
  21 | }
  22 | {
  [cause]: AggregateError: 
      at ignore-listed frames {
    code: 'ECONNREFUSED'
  }
}
 GET /api/sounds/search?page_size=50&sort=downloads 500 in 4.4s (compile: 1479µs, render: 4.4s)
 GET /editor/45b224c9-bcb7-4ca8-b213-f56162daab18 200 in 141ms (compile: 49ms, render: 92ms)
 GET /editor/45b224c9-bcb7-4ca8-b213-f56162daab18 200 in 137ms (compile: 43ms, render: 95ms)
 GET /editor/45b224c9-bcb7-4ca8-b213-f56162daab18 200 in 68ms (compile: 20ms, render: 48ms)
Error searching sounds: TypeError: fetch failed
    at async checkRateLimit (src/auth/rate-limit.ts:19:22)
    at async GET (src/app/api/sounds/search/route.ts:152:23)
  17 | export async function checkRateLimit({ request }: { request: Request }) {
  18 | 	const ip = request.headers.get("x-forwarded-for") ?? "anonymous";
> 19 | 	const { success } = await baseRateLimit.limit(ip);
     | 	                    ^
  20 | 	return { success, limited: !success };
  21 | }
  22 | {
  [cause]: AggregateError: 
      at ignore-listed frames {
    code: 'ECONNREFUSED'
  }
}
 GET /api/sounds/search?page_size=50&sort=downloads 500 in 4.5s (compile: 25ms, render: 4.5s)
