
> @basic-video-editor/vite-demo@0.1.0 build /Users/qingqing/Documents/code/basic-video-editor/examples/vite
> vite build

vite v8.3.1 building client environment for production...
transforming...
✓ 2323 modules transformed.
rendering chunks...
computing gzip size...
dist/index.html                                            0.50 kB │ gzip:     0.31 kB
dist/assets/editor-hLEbMGhO-hLEbMGhO.wasm              4,224.07 kB │ gzip: 1,109.87 kB
dist/assets/index-DgH46_t4.css                            92.37 kB │ gzip:    13.63 kB
dist/assets/preferences-CByiDqiH-CtAKdd6g.js               0.68 kB │ gzip:     0.37 kB
dist/assets/rolldown-runtime-hePW80VL.js                   0.71 kB │ gzip:     0.42 kB
dist/assets/gpu-renderer-DfPicnU1-Bo1uDdlC.js              0.74 kB │ gzip:     0.43 kB
dist/assets/dist-g915E95f-B1f2WOWo.js                     62.80 kB │ gzip:    17.34 kB
dist/assets/custom-presets-store-EbotR8M8-CFFp8W0d.js    101.48 kB │ gzip:    39.37 kB
dist/assets/HugeiconsIcon-DbQgACH-.js                    105.55 kB │ gzip:    32.68 kB
dist/assets/index-CVwc8cgB.js                            198.39 kB │ gzip:    63.06 kB
dist/assets/video-editor-CanMC4i4-CBCac0Gx.js            456.56 kB │ gzip:   133.17 kB
dist/assets/core-DwG-Jmmm-Bd9MJWuI.js                    977.72 kB │ gzip:   327.90 kB

✓ built in 313ms
