    Blocking waiting for file lock on package cache
    Updating crates.io index
 Downloading crates ...
  Downloaded wasm-bindgen-cli v0.2.116
    Blocking waiting for file lock on package cache
  Installing wasm-bindgen-cli v0.2.116
    Updating crates.io index
warning: package `der v0.8.0` in Cargo.lock is yanked in registry `crates-io`
  |
  = help: consider running without --locked
    Updating crates.io index
 Downloading crates ...
  Downloaded potential_utf v0.1.4
  Downloaded errno v0.3.14
  Downloaded percent-encoding v2.3.2
  Downloaded adler2 v2.0.1
  Downloaded form_urlencoded v1.2.2
  Downloaded leb128fmt v0.1.0
  Downloaded mime v0.3.17
  Downloaded clap_lex v1.1.0
  Downloaded num_threads v0.1.7
  Downloaded chunked_transfer v1.5.0
  Downloaded idna_adapter v1.2.1
  Downloaded sha1_smol v1.0.1
  Downloaded powerfmt v0.2.0
  Downloaded walrus-macro v0.26.0
  Downloaded strsim v0.11.1
  Downloaded time-core v0.1.8
  Downloaded heck v0.5.0
  Downloaded rand_chacha v0.3.1
  Downloaded subtle v2.6.1
  Downloaded stable_deref_trait v1.2.1
  Downloaded zerofrom v0.1.6
  Downloaded untrusted v0.9.0
  Downloaded utf8parse v0.2.2
  Downloaded alloc-stdlib v0.2.2
  Downloaded utf8_iter v1.0.4
  Downloaded env_filter v1.0.1
  Downloaded httpdate v1.0.3
  Downloaded id-arena v2.3.0
  Downloaded is_terminal_polyfill v1.70.2
  Downloaded num_cpus v1.17.0
  Downloaded anstyle-query v1.1.5
  Downloaded safemem v0.3.3
  Downloaded litemap v0.8.1
  Downloaded alloc-no-stdlib v2.0.4
  Downloaded utf8-zero v0.8.1
  Downloaded leb128 v0.2.5
  Downloaded quick-error v1.2.3
  Downloaded tinystr v0.8.2
  Downloaded colorchoice v1.0.5
  Downloaded wasm-bindgen-test-shared v0.2.116
  Downloaded fastrand v2.3.0
  Downloaded num-conv v0.2.1
  Downloaded threadpool v1.8.1
  Downloaded yoke-derive v0.8.1
  Downloaded zerofrom-derive v0.1.6
  Downloaded rustc-demangle v0.1.27
  Downloaded find-msvc-tools v0.1.9
  Downloaded anstream v1.0.0
  Downloaded anstyle v1.0.14
  Downloaded env_logger v0.11.10
  Downloaded shlex v1.3.0
  Downloaded filetime v0.2.27
  Downloaded synstructure v0.13.2
  Downloaded anstyle-parse v1.0.0
  Downloaded rand_core v0.6.4
  Downloaded unicase v2.9.0
  Downloaded deranged v0.5.8
  Downloaded crossbeam-deque v0.8.6
  Downloaded displaydoc v0.2.5
  Downloaded httparse v1.10.1
  Downloaded crossbeam-utils v0.8.21
  Downloaded writeable v0.6.2
  Downloaded zeroize v1.8.2
  Downloaded yoke v0.8.1
  Downloaded zerovec-derive v0.11.2
  Downloaded buf_redux v0.8.4
  Downloaded mime_guess v2.0.5
  Downloaded either v1.15.0
  Downloaded ppv-lite86 v0.2.21
  Downloaded twoway v0.1.8
  Downloaded ureq-proto v0.6.0
  Downloaded crc32fast v1.5.0
  Downloaded anyhow v1.0.102
  Downloaded clap_derive v4.6.0
  Downloaded iana-time-zone v0.1.65
  Downloaded semver v1.0.27
  Downloaded zerotrie v0.2.3
  Downloaded getrandom v0.2.17
  Downloaded simd-adler32 v0.3.9
  Downloaded crossbeam-epoch v0.9.18
  Downloaded wasm-encoder v0.245.1
  Downloaded tempfile v3.27.0
  Downloaded ascii v1.1.0
  Downloaded fallible-iterator v0.3.0
  Downloaded zerovec v0.11.5
  Downloaded base64 v0.13.1
  Downloaded icu_properties v2.1.2
  Downloaded icu_provider v2.1.1
  Downloaded clap v4.6.0
  Downloaded rustls-pki-types v1.14.0
  Downloaded core-foundation-sys v0.8.7
  Downloaded icu_normalizer_data v2.1.1
  Downloaded multipart v0.18.0
  Downloaded rayon-core v1.13.0
  Downloaded icu_locale_core v2.1.1
  Downloaded miniz_oxide v0.8.9
  Downloaded bytes v1.11.1
  Downloaded icu_normalizer v2.1.1
  Downloaded base64 v0.22.1
  Downloaded getrandom v0.4.2
  Downloaded icu_collections v2.1.1
  Downloaded ureq v3.3.0
  Downloaded tiny_http v0.12.0
  Downloaded flate2 v1.1.9
  Downloaded aho-corasick v1.1.4
  Downloaded cc v1.2.58
  Downloaded wasm-bindgen-cli-support v0.2.116
  Downloaded rand v0.8.5
  Downloaded walrus v0.26.1
  Downloaded wasmparser v0.245.1
  Downloaded zerocopy v0.8.48
  Downloaded webpki-roots v1.0.6
  Downloaded rouille v3.6.2
  Downloaded rustls-webpki v0.103.10
  Downloaded url v2.5.8
  Downloaded http v1.4.0
  Downloaded idna v1.1.0
  Downloaded icu_properties_data v2.1.2
  Downloaded regex v1.12.3
  Downloaded rayon v1.11.0
  Downloaded clap_builder v4.6.0
  Downloaded brotli-decompressor v5.0.0
  Downloaded time v0.3.47
  Downloaded chrono v0.4.44
  Downloaded gimli v0.32.3
  Downloaded rustix v1.1.4
  Downloaded rustls v0.23.37
  Downloaded regex-syntax v0.8.10
  Downloaded regex-automata v0.4.14
  Downloaded jiff v0.2.23
  Downloaded ring v0.17.14
   Compiling proc-macro2 v1.0.106
   Compiling quote v1.0.45
   Compiling unicode-ident v1.0.24
   Compiling libc v0.2.183
   Compiling stable_deref_trait v1.2.1
   Compiling cfg-if v1.0.4
   Compiling memchr v2.8.0
   Compiling serde_core v1.0.228
   Compiling log v0.4.29
   Compiling crossbeam-utils v0.8.21
   Compiling writeable v0.6.2
   Compiling find-msvc-tools v0.1.9
   Compiling litemap v0.8.1
   Compiling shlex v1.3.0
   Compiling icu_properties_data v2.1.2
   Compiling icu_normalizer_data v2.1.1
   Compiling bitflags v2.11.0
   Compiling cc v1.2.58
   Compiling zerocopy v0.8.48
   Compiling serde v1.0.228
   Compiling foldhash v0.2.0
   Compiling rayon-core v1.13.0
   Compiling httparse v1.10.1
   Compiling ring v0.17.14
   Compiling itoa v1.0.18
   Compiling crossbeam-epoch v0.9.18
   Compiling getrandom v0.2.17
   Compiling equivalent v1.0.2
   Compiling smallvec v1.15.1
   Compiling crossbeam-deque v0.8.6
   Compiling unicase v2.9.0
   Compiling autocfg v1.5.0
   Compiling zmij v1.0.21
   Compiling rustix v1.1.4
   Compiling syn v2.0.117
   Compiling once_cell v1.21.4
   Compiling heck v0.5.0
   Compiling utf8parse v0.2.2
   Compiling zeroize v1.8.2
   Compiling getrandom v0.4.2
   Compiling anstyle-parse v1.0.0
   Compiling rustls-pki-types v1.14.0
   Compiling num-traits v0.2.19
   Compiling hashbrown v0.16.1
   Compiling mime_guess v2.0.5
   Compiling indexmap v2.13.0
   Compiling rand_core v0.6.4
   Compiling errno v0.3.14
   Compiling aho-corasick v1.1.4
   Compiling serde_json v1.0.149
   Compiling anstyle v1.0.14
   Compiling synstructure v0.13.2
   Compiling ppv-lite86 v0.2.21
   Compiling untrusted v0.9.0
   Compiling either v1.15.0
   Compiling colorchoice v1.0.5
   Compiling crc32fast v1.5.0
   Compiling regex-syntax v0.8.10
   Compiling is_terminal_polyfill v1.70.2
   Compiling anyhow v1.0.102
   Compiling anstyle-query v1.1.5
   Compiling percent-encoding v2.3.2
   Compiling anstream v1.0.0
   Compiling rayon v1.11.0
   Compiling zerofrom-derive v0.1.6
   Compiling zerofrom v0.1.6
   Compiling yoke-derive v0.8.1
   Compiling zerovec-derive v0.11.2
   Compiling displaydoc v0.2.5
   Compiling serde_derive v1.0.228
   Compiling regex-automata v0.4.14
   Compiling rand_chacha v0.3.1
   Compiling core-foundation-sys v0.8.7
   Compiling adler2 v2.0.1
   Compiling base64 v0.22.1
   Compiling fastrand v2.3.0
   Compiling semver v1.0.27
   Compiling utf8_iter v1.0.4
   Compiling leb128fmt v0.1.0
   Compiling rustls v0.23.37
   Compiling safemem v0.3.3
   Compiling simd-adler32 v0.3.9
   Compiling wasm-bindgen-shared v0.2.116
   Compiling bytes v1.11.1
   Compiling fallible-iterator v0.3.0
   Compiling mime v0.3.17
   Compiling alloc-no-stdlib v2.0.4
   Compiling powerfmt v0.2.0
   Compiling alloc-stdlib v0.2.2
   Compiling deranged v0.5.8
   Compiling gimli v0.32.3
   Compiling http v1.4.0
   Compiling yoke v0.8.1
   Compiling miniz_oxide v0.8.9
   Compiling buf_redux v0.8.4
   Compiling wasm-encoder v0.245.1
   Compiling tempfile v3.27.0
   Compiling regex v1.12.3
   Compiling iana-time-zone v0.1.65
   Compiling rand v0.8.5
   Compiling id-arena v2.3.0
   Compiling walrus-macro v0.26.0
   Compiling form_urlencoded v1.2.2
   Compiling num_threads v0.1.7
   Compiling num_cpus v1.17.0
   Compiling twoway v0.1.8
   Compiling clap_lex v1.1.0
   Compiling chunked_transfer v1.5.0
   Compiling num-conv v0.2.1
   Compiling subtle v2.6.1
   Compiling ascii v1.1.0
   Compiling leb128 v0.2.5
   Compiling time-core v0.1.8
   Compiling httpdate v1.0.3
   Compiling strsim v0.11.1
   Compiling quick-error v1.2.3
   Compiling time v0.3.47
   Compiling multipart v0.18.0
   Compiling wasmparser v0.245.1
   Compiling clap_builder v4.6.0
   Compiling tiny_http v0.12.0
   Compiling threadpool v1.8.1
   Compiling chrono v0.4.44
   Compiling env_filter v1.0.1
   Compiling zerovec v0.11.5
   Compiling zerotrie v0.2.3
   Compiling flate2 v1.1.9
   Compiling ureq-proto v0.6.0
   Compiling brotli-decompressor v5.0.0
   Compiling tinystr v0.8.2
   Compiling icu_locale_core v2.1.1
   Compiling potential_utf v0.1.4
   Compiling icu_collections v2.1.1
   Compiling rustls-webpki v0.103.10
   Compiling clap_derive v4.6.0
   Compiling icu_provider v2.1.1
   Compiling icu_properties v2.1.2
   Compiling icu_normalizer v2.1.1
   Compiling webpki-roots v1.0.6
   Compiling filetime v0.2.27
   Compiling walrus v0.26.1
   Compiling idna_adapter v1.2.1
   Compiling jiff v0.2.23
   Compiling idna v1.1.0
   Compiling base64 v0.13.1
   Compiling sha1_smol v1.0.1
   Compiling url v2.5.8
   Compiling rustc-demangle v0.1.27
   Compiling utf8-zero v0.8.1
   Compiling clap v4.6.0
   Compiling rouille v3.6.2
   Compiling wasm-bindgen-test-shared v0.2.116
   Compiling ureq v3.3.0
   Compiling wasm-bindgen-cli-support v0.2.116
   Compiling env_logger v0.11.10
   Compiling wasm-bindgen-cli v0.2.116
    Finished `release` profile [optimized] target(s) in 3m 15s
warning: the following packages contain code that will be rejected by a future version of Rust: buf_redux v0.8.4, multipart v0.18.0
note: to see what the problems were, use the option `--future-incompat-report`, or run `cargo report future-incompatibilities --id 1`
  Installing /Users/qingqing/Documents/code/basic-video-editor/.tools/cargo/bin/wasm-bindgen
  Installing /Users/qingqing/Documents/code/basic-video-editor/.tools/cargo/bin/wasm-bindgen-test-runner
  Installing /Users/qingqing/Documents/code/basic-video-editor/.tools/cargo/bin/wasm2es6js
   Installed package `wasm-bindgen-cli v0.2.116` (executables `wasm-bindgen`, `wasm-bindgen-test-runner`, `wasm2es6js`)
