
> basic-video-editor-workspace@ build /Users/qingqing/Documents/code/basic-video-editor
> pnpm --filter @basic-video-editor/editor build


> @basic-video-editor/editor@0.1.0 build /Users/qingqing/Documents/code/basic-video-editor/packages/editor
> vite build && tsc -p tsconfig.build.json && cd ../.. && node scripts/fix-declaration-paths.mjs

vite v8.3.1 building client environment for production...
transforming...
✓ 437 modules transformed.
rendering chunks...
computing gzip size...
dist/INTER-LICENSE.txt                     4.47 kB │ gzip:     1.99 kB
dist/assets/editor-hLEbMGhO.wasm       4,224.07 kB │ gzip: 1,109.87 kB
dist/style.css                            94.57 kB │ gzip:    13.69 kB
dist/preferences-CByiDqiH.js               0.91 kB │ gzip:     0.49 kB │ map:     2.77 kB
dist/gpu-renderer-DfPicnU1.js              0.98 kB │ gzip:     0.54 kB │ map:     2.75 kB
dist/index.js                              2.73 kB │ gzip:     1.26 kB │ map:     7.23 kB
dist/repositories-GOw5ptan.js              4.30 kB │ gzip:     1.59 kB │ map:    12.13 kB
dist/id-CK3LhbcI.js                       14.83 kB │ gzip:     4.93 kB │ map:    43.22 kB
dist/dist-g915E95f.js                     79.63 kB │ gzip:    18.25 kB │ map:   193.93 kB
dist/custom-presets-store-EbotR8M8.js    108.68 kB │ gzip:    40.42 kB │ map:   145.30 kB
dist/video-editor-IRNtgDKc.js            420.43 kB │ gzip:   105.28 kB │ map: 1,253.52 kB
dist/core-DdEIvwbJ.js                    511.17 kB │ gzip:   184.83 kB │ map: 1,208.15 kB

✓ built in 311ms

> basic-video-editor-workspace@ build:examples /Users/qingqing/Documents/code/basic-video-editor
> pnpm --filter @basic-video-editor/vite-demo build && pnpm --filter @basic-video-editor/next-demo build


> @basic-video-editor/vite-demo@0.1.0 build /Users/qingqing/Documents/code/basic-video-editor/examples/vite
> vite build

vite v8.3.1 building client environment for production...
transforming...
✓ 2323 modules transformed.
rendering chunks...
computing gzip size...
dist/index.html                                            0.50 kB │ gzip:     0.31 kB
dist/assets/editor-hLEbMGhO-hLEbMGhO.wasm              4,224.07 kB │ gzip: 1,109.87 kB
dist/assets/index-DgH46_t4.css                            92.37 kB │ gzip:    13.63 kB
dist/assets/preferences-CByiDqiH-Dlesr8mW.js               0.68 kB │ gzip:     0.38 kB
dist/assets/rolldown-runtime-hePW80VL.js                   0.71 kB │ gzip:     0.42 kB
dist/assets/gpu-renderer-DfPicnU1-Bo1uDdlC.js              0.74 kB │ gzip:     0.43 kB
dist/assets/dist-g915E95f-B1f2WOWo.js                     62.80 kB │ gzip:    17.34 kB
dist/assets/custom-presets-store-EbotR8M8-Ccgl_gdm.js    101.48 kB │ gzip:    39.37 kB
dist/assets/HugeiconsIcon-BxpqN8NB.js                    105.55 kB │ gzip:    32.68 kB
dist/assets/index-BYfJp8_v.js                            198.39 kB │ gzip:    63.06 kB
dist/assets/video-editor-IRNtgDKc-Bbi6_zsF.js            456.92 kB │ gzip:   133.33 kB
dist/assets/core-DdEIvwbJ-xQiZWbom.js                    977.77 kB │ gzip:   327.92 kB

[plugin builtin:vite-reporter] 
(!) Some chunks are larger than 500 kB after minification. Consider:
- Using dynamic import() to code-split the application
- Use build.rolldownOptions.output.codeSplitting to improve chunking: https://rolldown.rs/reference/OutputOptions.codeSplitting
- Adjust chunk size limit for this warning via build.chunkSizeWarningLimit.
✓ built in 254ms

> @basic-video-editor/next-demo@0.1.0 build /Users/qingqing/Documents/code/basic-video-editor/examples/next
> next build

▲ Next.js 16.3.7 (Turbopack)
✓ Running next.config took 4ms

  Creating an optimized production build ...
✓ Compiled successfully in 617ms
  Running TypeScript ...
  Finished TypeScript in 541ms ...
  Collecting page data using 5 workers ...
  Generating static pages using 5 workers (0/4) ...
  Generating static pages using 5 workers (1/4) 
  Generating static pages using 5 workers (2/4) 
  Generating static pages using 5 workers (3/4) 
✓ Generating static pages using 5 workers (4/4) in 171ms
  Finalizing page optimization ...

Route (app)
┌ ○ /
├ ○ /_not-found
└ ○ /verification


○  (Static)  prerendered as static content

